Archive member included because of file (symbol)

e:/programy/truestudio for arm 5.4.0/armtools/bin/../lib/gcc/arm-atollic-eabi/4.8.3/../../../../arm-atollic-eabi/lib/armv6-m\libc_s.a(lib_a-init.o)
                              src\startup_stm32l053xx.o (__libc_init_array)
e:/programy/truestudio for arm 5.4.0/armtools/bin/../lib/gcc/arm-atollic-eabi/4.8.3/../../../../arm-atollic-eabi/lib/armv6-m\libc_s.a(lib_a-strlen.o)
                              src\tiny_printf.o (strlen)
e:/programy/truestudio for arm 5.4.0/armtools/bin/../lib/gcc/arm-atollic-eabi/4.8.3/../../../../arm-atollic-eabi/lib/armv6-m\libc_s.a(lib_a-syscalls.o)
                              src\tiny_printf.o (_write)
e:/programy/truestudio for arm 5.4.0/armtools/bin/../lib/gcc/arm-atollic-eabi/4.8.3/../../../../arm-atollic-eabi/lib/armv6-m\libc_s.a(lib_a-reent.o)
                              e:/programy/truestudio for arm 5.4.0/armtools/bin/../lib/gcc/arm-atollic-eabi/4.8.3/../../../../arm-atollic-eabi/lib/armv6-m\libc_s.a(lib_a-syscalls.o) (errno)
e:/programy/truestudio for arm 5.4.0/armtools/bin/../lib/gcc/arm-atollic-eabi/4.8.3/../../../../arm-atollic-eabi/lib/armv6-m\libc_s.a(lib_a-impure.o)
                              e:/programy/truestudio for arm 5.4.0/armtools/bin/../lib/gcc/arm-atollic-eabi/4.8.3/../../../../arm-atollic-eabi/lib/armv6-m\libc_s.a(lib_a-reent.o) (_impure_ptr)
e:/programy/truestudio for arm 5.4.0/armtools/bin/../lib/gcc/arm-atollic-eabi/4.8.3/../../../../arm-atollic-eabi/lib/armv6-m\libc_s.a(lib_a-nano-freer.o)
                              e:/programy/truestudio for arm 5.4.0/armtools/bin/../lib/gcc/arm-atollic-eabi/4.8.3/../../../../arm-atollic-eabi/lib/armv6-m\libc_s.a(lib_a-reent.o) (_free_r)
e:/programy/truestudio for arm 5.4.0/armtools/bin/../lib/gcc/arm-atollic-eabi/4.8.3/../../../../arm-atollic-eabi/lib/armv6-m\libc_s.a(lib_a-nano-mallocr.o)
                              e:/programy/truestudio for arm 5.4.0/armtools/bin/../lib/gcc/arm-atollic-eabi/4.8.3/../../../../arm-atollic-eabi/lib/armv6-m\libc_s.a(lib_a-nano-freer.o) (__malloc_free_list)
e:/programy/truestudio for arm 5.4.0/armtools/bin/../lib/gcc/arm-atollic-eabi/4.8.3/../../../../arm-atollic-eabi/lib/armv6-m\libc_s.a(lib_a-sbrkr.o)
                              e:/programy/truestudio for arm 5.4.0/armtools/bin/../lib/gcc/arm-atollic-eabi/4.8.3/../../../../arm-atollic-eabi/lib/armv6-m\libc_s.a(lib_a-nano-mallocr.o) (_sbrk_r)
e:/programy/truestudio for arm 5.4.0/armtools/bin/../lib/gcc/arm-atollic-eabi/4.8.3/armv6-m\libgcc.a(_udivsi3.o)
                              src\tiny_printf.o (__aeabi_uidiv)
e:/programy/truestudio for arm 5.4.0/armtools/bin/../lib/gcc/arm-atollic-eabi/4.8.3/armv6-m\libgcc.a(_divsi3.o)
                              src\tiny_printf.o (__aeabi_idiv)
e:/programy/truestudio for arm 5.4.0/armtools/bin/../lib/gcc/arm-atollic-eabi/4.8.3/armv6-m\libgcc.a(_dvmd_tls.o)
                              e:/programy/truestudio for arm 5.4.0/armtools/bin/../lib/gcc/arm-atollic-eabi/4.8.3/armv6-m\libgcc.a(_udivsi3.o) (__aeabi_idiv0)

Allocating common symbols
Common symbol       size              file

stringtoreceive     0x1               Library\src\uart.o
errno               0x4               e:/programy/truestudio for arm 5.4.0/armtools/bin/../lib/gcc/arm-atollic-eabi/4.8.3/../../../../arm-atollic-eabi/lib/armv6-m\libc_s.a(lib_a-reent.o)
timer__data_u       0x2               Library\src\timer.o
LSI_measured_frequency
                    0x2               Library\src\rtc.o
CurrentChannel      0x4               Library\src\adc.o
RxBuffer            0xa               Library\src\uart.o
led__data_s         0x4               Library\src\led.o
stringtosend        0x14              Library\src\uart.o
ADC_array           0x18              Library\src\adc.o

Discarded input sections

 .text          0x00000000        0x0 e:/programy/truestudio for arm 5.4.0/armtools/bin/../lib/gcc/arm-atollic-eabi/4.8.3/armv6-m/crti.o
 .data          0x00000000        0x0 e:/programy/truestudio for arm 5.4.0/armtools/bin/../lib/gcc/arm-atollic-eabi/4.8.3/armv6-m/crti.o
 .bss           0x00000000        0x0 e:/programy/truestudio for arm 5.4.0/armtools/bin/../lib/gcc/arm-atollic-eabi/4.8.3/armv6-m/crti.o
 .data          0x00000000        0x4 e:/programy/truestudio for arm 5.4.0/armtools/bin/../lib/gcc/arm-atollic-eabi/4.8.3/armv6-m/crtbegin.o
 .text          0x00000000        0x0 src\tiny_printf.o
 .data          0x00000000        0x0 src\tiny_printf.o
 .bss           0x00000000        0x0 src\tiny_printf.o
 .text.ts_formatlength
                0x00000000       0xa8 src\tiny_printf.o
 .rodata.ts_formatlength
                0x00000000       0x84 src\tiny_printf.o
 .text.fiprintf
                0x00000000       0xb8 src\tiny_printf.o
 .text.iprintf  0x00000000       0xb0 src\tiny_printf.o
 .rodata        0x00000000        0x4 src\tiny_printf.o
 .text.fputs    0x00000000       0x70 src\tiny_printf.o
 .text.puts     0x00000000       0x64 src\tiny_printf.o
 .text.fwrite   0x00000000       0x3c src\tiny_printf.o
 .text          0x00000000        0x0 src\system_stm32l0xx.o
 .data          0x00000000        0x0 src\system_stm32l0xx.o
 .bss           0x00000000        0x0 src\system_stm32l0xx.o
 .text          0x00000000       0x14 src\startup_stm32l053xx.o
 .data          0x00000000        0x0 src\startup_stm32l053xx.o
 .bss           0x00000000        0x0 src\startup_stm32l053xx.o
 .text          0x00000000        0x0 src\main.o
 .data          0x00000000        0x0 src\main.o
 .bss           0x00000000        0x0 src\main.o
 .text          0x00000000        0x0 Library\src\uart.o
 .data          0x00000000        0x0 Library\src\uart.o
 .bss           0x00000000        0x0 Library\src\uart.o
 .text          0x00000000        0x0 Library\src\timer.o
 .data          0x00000000        0x0 Library\src\timer.o
 .bss           0x00000000        0x0 Library\src\timer.o
 .text.TIMER__DelayMs
                0x00000000       0x24 Library\src\timer.o
 .text.TIMER__Delay10us
                0x00000000       0x24 Library\src\timer.o
 .text.TIMER__InitSystemTimer
                0x00000000        0x8 Library\src\timer.o
 .text.TIMER__InitInterruptTim4Isr
                0x00000000        0x8 Library\src\timer.o
 .text.TIMER__Poll
                0x00000000        0x8 Library\src\timer.o
 .text.TIMER__GetStatus
                0x00000000       0x14 Library\src\timer.o
 .text.TIMER__SetFlag
                0x00000000       0x4c Library\src\timer.o
 .text          0x00000000        0x0 Library\src\system.o
 .data          0x00000000        0x0 Library\src\system.o
 .bss           0x00000000        0x0 Library\src\system.o
 .text          0x00000000        0x0 Library\src\state_machine.o
 .data          0x00000000        0x0 Library\src\state_machine.o
 .bss           0x00000000        0x0 Library\src\state_machine.o
 .text.STATEMACHINE__PollFunction
                0x00000000        0x8 Library\src\state_machine.o
 .debug_info    0x00000000       0x37 Library\src\state_machine.o
 .debug_abbrev  0x00000000       0x2c Library\src\state_machine.o
 .debug_aranges
                0x00000000       0x20 Library\src\state_machine.o
 .debug_ranges  0x00000000       0x10 Library\src\state_machine.o
 .debug_line    0x00000000       0x4f Library\src\state_machine.o
 .debug_str     0x00000000      0x116 Library\src\state_machine.o
 .comment       0x00000000       0x83 Library\src\state_machine.o
 .ARM.attributes
                0x00000000       0x32 Library\src\state_machine.o
 .debug_frame   0x00000000       0x2c Library\src\state_machine.o
 .text          0x00000000        0x0 Library\src\rtc.o
 .data          0x00000000        0x0 Library\src\rtc.o
 .bss           0x00000000        0x0 Library\src\rtc.o
 .bss.RTC__status
                0x00000000        0x4 Library\src\rtc.o
 .text.lsi__calibration
                0x00000000        0x8 Library\src\rtc.o
 .text.RTC__Init
                0x00000000        0xc Library\src\rtc.o
 .text.RTC__Set_Wakeup
                0x00000000       0x10 Library\src\rtc.o
 .text.RTC__Set_Alarm
                0x00000000       0x10 Library\src\rtc.o
 .text.RTC__Disable_Wakeup
                0x00000000        0x8 Library\src\rtc.o
 .text.RTC__Interrupt_Routine
                0x00000000        0x8 Library\src\rtc.o
 .debug_info    0x00000000      0x164 Library\src\rtc.o
 .debug_abbrev  0x00000000       0xef Library\src\rtc.o
 .debug_aranges
                0x00000000       0x48 Library\src\rtc.o
 .debug_ranges  0x00000000       0x38 Library\src\rtc.o
 .debug_line    0x00000000       0xec Library\src\rtc.o
 .debug_str     0x00000000      0x22c Library\src\rtc.o
 .comment       0x00000000       0x83 Library\src\rtc.o
 .ARM.attributes
                0x00000000       0x32 Library\src\rtc.o
 .debug_frame   0x00000000       0xc0 Library\src\rtc.o
 COMMON         0x00000000        0x2 Library\src\rtc.o
 .text          0x00000000        0x0 Library\src\motors.o
 .data          0x00000000        0x0 Library\src\motors.o
 .bss           0x00000000        0x0 Library\src\motors.o
 .text          0x00000000        0x0 Library\src\led.o
 .data          0x00000000        0x0 Library\src\led.o
 .bss           0x00000000        0x0 Library\src\led.o
 .bss.LEDColour
                0x00000000        0x1 Library\src\led.o
 .text.LED__Init
                0x00000000        0x8 Library\src\led.o
 .text.LED__RGB
                0x00000000       0x18 Library\src\led.o
 .text.LED__Poll
                0x00000000        0x8 Library\src\led.o
 .text.LED__GetLedRedDuty
                0x00000000       0x14 Library\src\led.o
 .text.LED__GetLedGreenDuty
                0x00000000       0x14 Library\src\led.o
 .text.LED__GetLedBlueDuty
                0x00000000       0x14 Library\src\led.o
 .debug_info    0x00000000      0x1a8 Library\src\led.o
 .debug_abbrev  0x00000000       0xf9 Library\src\led.o
 .debug_aranges
                0x00000000       0x48 Library\src\led.o
 .debug_ranges  0x00000000       0x38 Library\src\led.o
 .debug_line    0x00000000       0xf7 Library\src\led.o
 .debug_str     0x00000000      0x248 Library\src\led.o
 .comment       0x00000000       0x83 Library\src\led.o
 .ARM.attributes
                0x00000000       0x32 Library\src\led.o
 .debug_frame   0x00000000       0xbc Library\src\led.o
 COMMON         0x00000000        0x4 Library\src\led.o
 .text          0x00000000        0x0 Library\src\gpio.o
 .data          0x00000000        0x0 Library\src\gpio.o
 .bss           0x00000000        0x0 Library\src\gpio.o
 .text.GPIO__ConfigLedR
                0x00000000       0x14 Library\src\gpio.o
 .text.GPIO__ConfigLedG
                0x00000000       0x14 Library\src\gpio.o
 .text.GPIO__ConfigLedB
                0x00000000       0x14 Library\src\gpio.o
 .text          0x00000000        0x0 Library\src\ee.o
 .data          0x00000000        0x0 Library\src\ee.o
 .bss           0x00000000        0x0 Library\src\ee.o
 .bss.ee__data_s
                0x00000000        0x4 Library\src\ee.o
 .text.EE__Init
                0x00000000        0x8 Library\src\ee.o
 .text.EE_GetEeVrefValue
                0x00000000        0xc Library\src\ee.o
 .text.EE__Unlock
                0x00000000        0x8 Library\src\ee.o
 .text.EE__Lock
                0x00000000        0x8 Library\src\ee.o
 .text.EE__ReadByte
                0x00000000       0x14 Library\src\ee.o
 .text.EE__ReadHalfWord
                0x00000000       0x14 Library\src\ee.o
 .text.EE__ReadWord
                0x00000000       0x14 Library\src\ee.o
 .text.EE__WriteByte
                0x00000000       0x18 Library\src\ee.o
 .text.EE__WriteHalfWord
                0x00000000       0x18 Library\src\ee.o
 .text.EE__WriteWord
                0x00000000       0x14 Library\src\ee.o
 .text.ee_EraseEEPROM
                0x00000000       0x14 Library\src\ee.o
 .text.ee_VerifyEEPROM
                0x00000000       0x14 Library\src\ee.o
 .debug_info    0x00000000      0x242 Library\src\ee.o
 .debug_abbrev  0x00000000       0xe4 Library\src\ee.o
 .debug_aranges
                0x00000000       0x78 Library\src\ee.o
 .debug_ranges  0x00000000       0x68 Library\src\ee.o
 .debug_line    0x00000000      0x150 Library\src\ee.o
 .debug_str     0x00000000      0x227 Library\src\ee.o
 .comment       0x00000000       0x83 Library\src\ee.o
 .ARM.attributes
                0x00000000       0x32 Library\src\ee.o
 .debug_frame   0x00000000      0x180 Library\src\ee.o
 .text          0x00000000        0x0 Library\src\device.o
 .data          0x00000000        0x0 Library\src\device.o
 .bss           0x00000000        0x0 Library\src\device.o
 .text.device__MenuEngine
                0x00000000        0x8 Library\src\device.o
 .text.DEVICE__MENU
                0x00000000        0x8 Library\src\device.o
 .text.DEVICE__SleepPoll
                0x00000000        0x8 Library\src\device.o
 .text.DEVICE__ResetSTM
                0x00000000        0x8 Library\src\device.o
 .debug_info    0x00000000       0x6a Library\src\device.o
 .debug_abbrev  0x00000000       0x42 Library\src\device.o
 .debug_aranges
                0x00000000       0x38 Library\src\device.o
 .debug_ranges  0x00000000       0x28 Library\src\device.o
 .debug_line    0x00000000       0x7a Library\src\device.o
 .debug_str     0x00000000      0x137 Library\src\device.o
 .comment       0x00000000       0x83 Library\src\device.o
 .ARM.attributes
                0x00000000       0x32 Library\src\device.o
 .debug_frame   0x00000000       0x80 Library\src\device.o
 .text          0x00000000        0x0 Library\src\button_engine.o
 .data          0x00000000        0x0 Library\src\button_engine.o
 .bss           0x00000000        0x0 Library\src\button_engine.o
 .text.BUTTON__Init
                0x00000000        0x8 Library\src\button_engine.o
 .debug_info    0x00000000       0x37 Library\src\button_engine.o
 .debug_abbrev  0x00000000       0x2c Library\src\button_engine.o
 .debug_aranges
                0x00000000       0x20 Library\src\button_engine.o
 .debug_ranges  0x00000000       0x10 Library\src\button_engine.o
 .debug_line    0x00000000       0x4f Library\src\button_engine.o
 .debug_str     0x00000000      0x108 Library\src\button_engine.o
 .comment       0x00000000       0x83 Library\src\button_engine.o
 .ARM.attributes
                0x00000000       0x32 Library\src\button_engine.o
 .debug_frame   0x00000000       0x2c Library\src\button_engine.o
 .text          0x00000000        0x0 Library\src\adc.o
 .data          0x00000000        0x0 Library\src\adc.o
 .bss           0x00000000        0x0 Library\src\adc.o
 .text.ADC__GetTempAdcValue
                0x00000000       0x14 Library\src\adc.o
 .text.ADC__SetIsObstacleFlag
                0x00000000       0x18 Library\src\adc.o
 .text          0x00000000        0x0 e:/programy/truestudio for arm 5.4.0/armtools/bin/../lib/gcc/arm-atollic-eabi/4.8.3/../../../../arm-atollic-eabi/lib/armv6-m\libc_s.a(lib_a-init.o)
 .data          0x00000000        0x0 e:/programy/truestudio for arm 5.4.0/armtools/bin/../lib/gcc/arm-atollic-eabi/4.8.3/../../../../arm-atollic-eabi/lib/armv6-m\libc_s.a(lib_a-init.o)
 .bss           0x00000000        0x0 e:/programy/truestudio for arm 5.4.0/armtools/bin/../lib/gcc/arm-atollic-eabi/4.8.3/../../../../arm-atollic-eabi/lib/armv6-m\libc_s.a(lib_a-init.o)
 .text          0x00000000        0x0 e:/programy/truestudio for arm 5.4.0/armtools/bin/../lib/gcc/arm-atollic-eabi/4.8.3/../../../../arm-atollic-eabi/lib/armv6-m\libc_s.a(lib_a-strlen.o)
 .data          0x00000000        0x0 e:/programy/truestudio for arm 5.4.0/armtools/bin/../lib/gcc/arm-atollic-eabi/4.8.3/../../../../arm-atollic-eabi/lib/armv6-m\libc_s.a(lib_a-strlen.o)
 .bss           0x00000000        0x0 e:/programy/truestudio for arm 5.4.0/armtools/bin/../lib/gcc/arm-atollic-eabi/4.8.3/../../../../arm-atollic-eabi/lib/armv6-m\libc_s.a(lib_a-strlen.o)
 .text.strlen   0x00000000        0xe e:/programy/truestudio for arm 5.4.0/armtools/bin/../lib/gcc/arm-atollic-eabi/4.8.3/../../../../arm-atollic-eabi/lib/armv6-m\libc_s.a(lib_a-strlen.o)
 .ARM.attributes
                0x00000000       0x2c e:/programy/truestudio for arm 5.4.0/armtools/bin/../lib/gcc/arm-atollic-eabi/4.8.3/../../../../arm-atollic-eabi/lib/armv6-m\libc_s.a(lib_a-strlen.o)
 .debug_frame   0x00000000       0x20 e:/programy/truestudio for arm 5.4.0/armtools/bin/../lib/gcc/arm-atollic-eabi/4.8.3/../../../../arm-atollic-eabi/lib/armv6-m\libc_s.a(lib_a-strlen.o)
 .text          0x00000000        0x0 e:/programy/truestudio for arm 5.4.0/armtools/bin/../lib/gcc/arm-atollic-eabi/4.8.3/../../../../arm-atollic-eabi/lib/armv6-m\libc_s.a(lib_a-syscalls.o)
 .data          0x00000000        0x0 e:/programy/truestudio for arm 5.4.0/armtools/bin/../lib/gcc/arm-atollic-eabi/4.8.3/../../../../arm-atollic-eabi/lib/armv6-m\libc_s.a(lib_a-syscalls.o)
 .bss           0x00000000        0x0 e:/programy/truestudio for arm 5.4.0/armtools/bin/../lib/gcc/arm-atollic-eabi/4.8.3/../../../../arm-atollic-eabi/lib/armv6-m\libc_s.a(lib_a-syscalls.o)
 .text.initialise_monitor_handles
                0x00000000        0x2 e:/programy/truestudio for arm 5.4.0/armtools/bin/../lib/gcc/arm-atollic-eabi/4.8.3/../../../../arm-atollic-eabi/lib/armv6-m\libc_s.a(lib_a-syscalls.o)
 .text._getpid  0x00000000        0x4 e:/programy/truestudio for arm 5.4.0/armtools/bin/../lib/gcc/arm-atollic-eabi/4.8.3/../../../../arm-atollic-eabi/lib/armv6-m\libc_s.a(lib_a-syscalls.o)
 .text._kill    0x00000000       0x10 e:/programy/truestudio for arm 5.4.0/armtools/bin/../lib/gcc/arm-atollic-eabi/4.8.3/../../../../arm-atollic-eabi/lib/armv6-m\libc_s.a(lib_a-syscalls.o)
 .text._exit    0x00000000        0xc e:/programy/truestudio for arm 5.4.0/armtools/bin/../lib/gcc/arm-atollic-eabi/4.8.3/../../../../arm-atollic-eabi/lib/armv6-m\libc_s.a(lib_a-syscalls.o)
 .text._write   0x00000000        0x4 e:/programy/truestudio for arm 5.4.0/armtools/bin/../lib/gcc/arm-atollic-eabi/4.8.3/../../../../arm-atollic-eabi/lib/armv6-m\libc_s.a(lib_a-syscalls.o)
 .text._sbrk    0x00000000       0x34 e:/programy/truestudio for arm 5.4.0/armtools/bin/../lib/gcc/arm-atollic-eabi/4.8.3/../../../../arm-atollic-eabi/lib/armv6-m\libc_s.a(lib_a-syscalls.o)
 .text._close   0x00000000        0x6 e:/programy/truestudio for arm 5.4.0/armtools/bin/../lib/gcc/arm-atollic-eabi/4.8.3/../../../../arm-atollic-eabi/lib/armv6-m\libc_s.a(lib_a-syscalls.o)
 .text._fstat   0x00000000        0xa e:/programy/truestudio for arm 5.4.0/armtools/bin/../lib/gcc/arm-atollic-eabi/4.8.3/../../../../arm-atollic-eabi/lib/armv6-m\libc_s.a(lib_a-syscalls.o)
 .text._isatty  0x00000000        0x4 e:/programy/truestudio for arm 5.4.0/armtools/bin/../lib/gcc/arm-atollic-eabi/4.8.3/../../../../arm-atollic-eabi/lib/armv6-m\libc_s.a(lib_a-syscalls.o)
 .text._lseek   0x00000000        0x4 e:/programy/truestudio for arm 5.4.0/armtools/bin/../lib/gcc/arm-atollic-eabi/4.8.3/../../../../arm-atollic-eabi/lib/armv6-m\libc_s.a(lib_a-syscalls.o)
 .text._read    0x00000000        0x4 e:/programy/truestudio for arm 5.4.0/armtools/bin/../lib/gcc/arm-atollic-eabi/4.8.3/../../../../arm-atollic-eabi/lib/armv6-m\libc_s.a(lib_a-syscalls.o)
 .text._open    0x00000000        0xa e:/programy/truestudio for arm 5.4.0/armtools/bin/../lib/gcc/arm-atollic-eabi/4.8.3/../../../../arm-atollic-eabi/lib/armv6-m\libc_s.a(lib_a-syscalls.o)
 .text._wait    0x00000000       0x10 e:/programy/truestudio for arm 5.4.0/armtools/bin/../lib/gcc/arm-atollic-eabi/4.8.3/../../../../arm-atollic-eabi/lib/armv6-m\libc_s.a(lib_a-syscalls.o)
 .text._unlink  0x00000000       0x10 e:/programy/truestudio for arm 5.4.0/armtools/bin/../lib/gcc/arm-atollic-eabi/4.8.3/../../../../arm-atollic-eabi/lib/armv6-m\libc_s.a(lib_a-syscalls.o)
 .text._times   0x00000000        0x6 e:/programy/truestudio for arm 5.4.0/armtools/bin/../lib/gcc/arm-atollic-eabi/4.8.3/../../../../arm-atollic-eabi/lib/armv6-m\libc_s.a(lib_a-syscalls.o)
 .text._stat    0x00000000        0xa e:/programy/truestudio for arm 5.4.0/armtools/bin/../lib/gcc/arm-atollic-eabi/4.8.3/../../../../arm-atollic-eabi/lib/armv6-m\libc_s.a(lib_a-syscalls.o)
 .text._link    0x00000000       0x10 e:/programy/truestudio for arm 5.4.0/armtools/bin/../lib/gcc/arm-atollic-eabi/4.8.3/../../../../arm-atollic-eabi/lib/armv6-m\libc_s.a(lib_a-syscalls.o)
 .text._fork    0x00000000       0x10 e:/programy/truestudio for arm 5.4.0/armtools/bin/../lib/gcc/arm-atollic-eabi/4.8.3/../../../../arm-atollic-eabi/lib/armv6-m\libc_s.a(lib_a-syscalls.o)
 .text._execve  0x00000000       0x10 e:/programy/truestudio for arm 5.4.0/armtools/bin/../lib/gcc/arm-atollic-eabi/4.8.3/../../../../arm-atollic-eabi/lib/armv6-m\libc_s.a(lib_a-syscalls.o)
 .data.environ  0x00000000        0x4 e:/programy/truestudio for arm 5.4.0/armtools/bin/../lib/gcc/arm-atollic-eabi/4.8.3/../../../../arm-atollic-eabi/lib/armv6-m\libc_s.a(lib_a-syscalls.o)
 .bss.__env     0x00000000        0x4 e:/programy/truestudio for arm 5.4.0/armtools/bin/../lib/gcc/arm-atollic-eabi/4.8.3/../../../../arm-atollic-eabi/lib/armv6-m\libc_s.a(lib_a-syscalls.o)
 .bss.heap_end.5121
                0x00000000        0x4 e:/programy/truestudio for arm 5.4.0/armtools/bin/../lib/gcc/arm-atollic-eabi/4.8.3/../../../../arm-atollic-eabi/lib/armv6-m\libc_s.a(lib_a-syscalls.o)
 .ARM.attributes
                0x00000000       0x2c e:/programy/truestudio for arm 5.4.0/armtools/bin/../lib/gcc/arm-atollic-eabi/4.8.3/../../../../arm-atollic-eabi/lib/armv6-m\libc_s.a(lib_a-syscalls.o)
 .debug_frame   0x00000000      0x144 e:/programy/truestudio for arm 5.4.0/armtools/bin/../lib/gcc/arm-atollic-eabi/4.8.3/../../../../arm-atollic-eabi/lib/armv6-m\libc_s.a(lib_a-syscalls.o)
 .text          0x00000000        0x0 e:/programy/truestudio for arm 5.4.0/armtools/bin/../lib/gcc/arm-atollic-eabi/4.8.3/../../../../arm-atollic-eabi/lib/armv6-m\libc_s.a(lib_a-reent.o)
 .data          0x00000000        0x0 e:/programy/truestudio for arm 5.4.0/armtools/bin/../lib/gcc/arm-atollic-eabi/4.8.3/../../../../arm-atollic-eabi/lib/armv6-m\libc_s.a(lib_a-reent.o)
 .bss           0x00000000        0x0 e:/programy/truestudio for arm 5.4.0/armtools/bin/../lib/gcc/arm-atollic-eabi/4.8.3/../../../../arm-atollic-eabi/lib/armv6-m\libc_s.a(lib_a-reent.o)
 .text.cleanup_glue
                0x00000000       0x1a e:/programy/truestudio for arm 5.4.0/armtools/bin/../lib/gcc/arm-atollic-eabi/4.8.3/../../../../arm-atollic-eabi/lib/armv6-m\libc_s.a(lib_a-reent.o)
 .text._reclaim_reent
                0x00000000       0xcc e:/programy/truestudio for arm 5.4.0/armtools/bin/../lib/gcc/arm-atollic-eabi/4.8.3/../../../../arm-atollic-eabi/lib/armv6-m\libc_s.a(lib_a-reent.o)
 .ARM.attributes
                0x00000000       0x2c e:/programy/truestudio for arm 5.4.0/armtools/bin/../lib/gcc/arm-atollic-eabi/4.8.3/../../../../arm-atollic-eabi/lib/armv6-m\libc_s.a(lib_a-reent.o)
 .debug_frame   0x00000000       0x48 e:/programy/truestudio for arm 5.4.0/armtools/bin/../lib/gcc/arm-atollic-eabi/4.8.3/../../../../arm-atollic-eabi/lib/armv6-m\libc_s.a(lib_a-reent.o)
 COMMON         0x00000000        0x4 e:/programy/truestudio for arm 5.4.0/armtools/bin/../lib/gcc/arm-atollic-eabi/4.8.3/../../../../arm-atollic-eabi/lib/armv6-m\libc_s.a(lib_a-reent.o)
 .text          0x00000000        0x0 e:/programy/truestudio for arm 5.4.0/armtools/bin/../lib/gcc/arm-atollic-eabi/4.8.3/../../../../arm-atollic-eabi/lib/armv6-m\libc_s.a(lib_a-impure.o)
 .data          0x00000000        0x0 e:/programy/truestudio for arm 5.4.0/armtools/bin/../lib/gcc/arm-atollic-eabi/4.8.3/../../../../arm-atollic-eabi/lib/armv6-m\libc_s.a(lib_a-impure.o)
 .bss           0x00000000        0x0 e:/programy/truestudio for arm 5.4.0/armtools/bin/../lib/gcc/arm-atollic-eabi/4.8.3/../../../../arm-atollic-eabi/lib/armv6-m\libc_s.a(lib_a-impure.o)
 .data.impure_data
                0x00000000       0x60 e:/programy/truestudio for arm 5.4.0/armtools/bin/../lib/gcc/arm-atollic-eabi/4.8.3/../../../../arm-atollic-eabi/lib/armv6-m\libc_s.a(lib_a-impure.o)
 .data._impure_ptr
                0x00000000        0x4 e:/programy/truestudio for arm 5.4.0/armtools/bin/../lib/gcc/arm-atollic-eabi/4.8.3/../../../../arm-atollic-eabi/lib/armv6-m\libc_s.a(lib_a-impure.o)
 .rodata.str1.1
                0x00000000        0x2 e:/programy/truestudio for arm 5.4.0/armtools/bin/../lib/gcc/arm-atollic-eabi/4.8.3/../../../../arm-atollic-eabi/lib/armv6-m\libc_s.a(lib_a-impure.o)
 .rodata._global_impure_ptr
                0x00000000        0x4 e:/programy/truestudio for arm 5.4.0/armtools/bin/../lib/gcc/arm-atollic-eabi/4.8.3/../../../../arm-atollic-eabi/lib/armv6-m\libc_s.a(lib_a-impure.o)
 .ARM.attributes
                0x00000000       0x2c e:/programy/truestudio for arm 5.4.0/armtools/bin/../lib/gcc/arm-atollic-eabi/4.8.3/../../../../arm-atollic-eabi/lib/armv6-m\libc_s.a(lib_a-impure.o)
 .text          0x00000000        0x0 e:/programy/truestudio for arm 5.4.0/armtools/bin/../lib/gcc/arm-atollic-eabi/4.8.3/../../../../arm-atollic-eabi/lib/armv6-m\libc_s.a(lib_a-nano-freer.o)
 .data          0x00000000        0x0 e:/programy/truestudio for arm 5.4.0/armtools/bin/../lib/gcc/arm-atollic-eabi/4.8.3/../../../../arm-atollic-eabi/lib/armv6-m\libc_s.a(lib_a-nano-freer.o)
 .bss           0x00000000        0x0 e:/programy/truestudio for arm 5.4.0/armtools/bin/../lib/gcc/arm-atollic-eabi/4.8.3/../../../../arm-atollic-eabi/lib/armv6-m\libc_s.a(lib_a-nano-freer.o)
 .text._free_r  0x00000000       0x90 e:/programy/truestudio for arm 5.4.0/armtools/bin/../lib/gcc/arm-atollic-eabi/4.8.3/../../../../arm-atollic-eabi/lib/armv6-m\libc_s.a(lib_a-nano-freer.o)
 .ARM.attributes
                0x00000000       0x2c e:/programy/truestudio for arm 5.4.0/armtools/bin/../lib/gcc/arm-atollic-eabi/4.8.3/../../../../arm-atollic-eabi/lib/armv6-m\libc_s.a(lib_a-nano-freer.o)
 .debug_frame   0x00000000       0x2c e:/programy/truestudio for arm 5.4.0/armtools/bin/../lib/gcc/arm-atollic-eabi/4.8.3/../../../../arm-atollic-eabi/lib/armv6-m\libc_s.a(lib_a-nano-freer.o)
 .text          0x00000000        0x0 e:/programy/truestudio for arm 5.4.0/armtools/bin/../lib/gcc/arm-atollic-eabi/4.8.3/../../../../arm-atollic-eabi/lib/armv6-m\libc_s.a(lib_a-nano-mallocr.o)
 .data          0x00000000        0x0 e:/programy/truestudio for arm 5.4.0/armtools/bin/../lib/gcc/arm-atollic-eabi/4.8.3/../../../../arm-atollic-eabi/lib/armv6-m\libc_s.a(lib_a-nano-mallocr.o)
 .bss           0x00000000        0x0 e:/programy/truestudio for arm 5.4.0/armtools/bin/../lib/gcc/arm-atollic-eabi/4.8.3/../../../../arm-atollic-eabi/lib/armv6-m\libc_s.a(lib_a-nano-mallocr.o)
 .text._malloc_r
                0x00000000       0xa8 e:/programy/truestudio for arm 5.4.0/armtools/bin/../lib/gcc/arm-atollic-eabi/4.8.3/../../../../arm-atollic-eabi/lib/armv6-m\libc_s.a(lib_a-nano-mallocr.o)
 .bss.__malloc_sbrk_start
                0x00000000        0x4 e:/programy/truestudio for arm 5.4.0/armtools/bin/../lib/gcc/arm-atollic-eabi/4.8.3/../../../../arm-atollic-eabi/lib/armv6-m\libc_s.a(lib_a-nano-mallocr.o)
 .bss.__malloc_free_list
                0x00000000        0x4 e:/programy/truestudio for arm 5.4.0/armtools/bin/../lib/gcc/arm-atollic-eabi/4.8.3/../../../../arm-atollic-eabi/lib/armv6-m\libc_s.a(lib_a-nano-mallocr.o)
 .ARM.attributes
                0x00000000       0x2c e:/programy/truestudio for arm 5.4.0/armtools/bin/../lib/gcc/arm-atollic-eabi/4.8.3/../../../../arm-atollic-eabi/lib/armv6-m\libc_s.a(lib_a-nano-mallocr.o)
 .debug_frame   0x00000000       0x2c e:/programy/truestudio for arm 5.4.0/armtools/bin/../lib/gcc/arm-atollic-eabi/4.8.3/../../../../arm-atollic-eabi/lib/armv6-m\libc_s.a(lib_a-nano-mallocr.o)
 .text          0x00000000        0x0 e:/programy/truestudio for arm 5.4.0/armtools/bin/../lib/gcc/arm-atollic-eabi/4.8.3/../../../../arm-atollic-eabi/lib/armv6-m\libc_s.a(lib_a-sbrkr.o)
 .data          0x00000000        0x0 e:/programy/truestudio for arm 5.4.0/armtools/bin/../lib/gcc/arm-atollic-eabi/4.8.3/../../../../arm-atollic-eabi/lib/armv6-m\libc_s.a(lib_a-sbrkr.o)
 .bss           0x00000000        0x0 e:/programy/truestudio for arm 5.4.0/armtools/bin/../lib/gcc/arm-atollic-eabi/4.8.3/../../../../arm-atollic-eabi/lib/armv6-m\libc_s.a(lib_a-sbrkr.o)
 .text._sbrk_r  0x00000000       0x24 e:/programy/truestudio for arm 5.4.0/armtools/bin/../lib/gcc/arm-atollic-eabi/4.8.3/../../../../arm-atollic-eabi/lib/armv6-m\libc_s.a(lib_a-sbrkr.o)
 .ARM.attributes
                0x00000000       0x2c e:/programy/truestudio for arm 5.4.0/armtools/bin/../lib/gcc/arm-atollic-eabi/4.8.3/../../../../arm-atollic-eabi/lib/armv6-m\libc_s.a(lib_a-sbrkr.o)
 .debug_frame   0x00000000       0x2c e:/programy/truestudio for arm 5.4.0/armtools/bin/../lib/gcc/arm-atollic-eabi/4.8.3/../../../../arm-atollic-eabi/lib/armv6-m\libc_s.a(lib_a-sbrkr.o)
 .data          0x00000000        0x0 e:/programy/truestudio for arm 5.4.0/armtools/bin/../lib/gcc/arm-atollic-eabi/4.8.3/armv6-m\libgcc.a(_udivsi3.o)
 .bss           0x00000000        0x0 e:/programy/truestudio for arm 5.4.0/armtools/bin/../lib/gcc/arm-atollic-eabi/4.8.3/armv6-m\libgcc.a(_udivsi3.o)
 .data          0x00000000        0x0 e:/programy/truestudio for arm 5.4.0/armtools/bin/../lib/gcc/arm-atollic-eabi/4.8.3/armv6-m\libgcc.a(_divsi3.o)
 .bss           0x00000000        0x0 e:/programy/truestudio for arm 5.4.0/armtools/bin/../lib/gcc/arm-atollic-eabi/4.8.3/armv6-m\libgcc.a(_divsi3.o)
 .data          0x00000000        0x0 e:/programy/truestudio for arm 5.4.0/armtools/bin/../lib/gcc/arm-atollic-eabi/4.8.3/armv6-m\libgcc.a(_dvmd_tls.o)
 .bss           0x00000000        0x0 e:/programy/truestudio for arm 5.4.0/armtools/bin/../lib/gcc/arm-atollic-eabi/4.8.3/armv6-m\libgcc.a(_dvmd_tls.o)
 .text          0x00000000        0x0 e:/programy/truestudio for arm 5.4.0/armtools/bin/../lib/gcc/arm-atollic-eabi/4.8.3/armv6-m/crtend.o
 .data          0x00000000        0x0 e:/programy/truestudio for arm 5.4.0/armtools/bin/../lib/gcc/arm-atollic-eabi/4.8.3/armv6-m/crtend.o
 .bss           0x00000000        0x0 e:/programy/truestudio for arm 5.4.0/armtools/bin/../lib/gcc/arm-atollic-eabi/4.8.3/armv6-m/crtend.o
 .eh_frame      0x00000000        0x4 e:/programy/truestudio for arm 5.4.0/armtools/bin/../lib/gcc/arm-atollic-eabi/4.8.3/armv6-m/crtend.o
 .ARM.attributes
                0x00000000       0x2c e:/programy/truestudio for arm 5.4.0/armtools/bin/../lib/gcc/arm-atollic-eabi/4.8.3/armv6-m/crtend.o
 .text          0x00000000        0x0 e:/programy/truestudio for arm 5.4.0/armtools/bin/../lib/gcc/arm-atollic-eabi/4.8.3/armv6-m/crtn.o
 .data          0x00000000        0x0 e:/programy/truestudio for arm 5.4.0/armtools/bin/../lib/gcc/arm-atollic-eabi/4.8.3/armv6-m/crtn.o
 .bss           0x00000000        0x0 e:/programy/truestudio for arm 5.4.0/armtools/bin/../lib/gcc/arm-atollic-eabi/4.8.3/armv6-m/crtn.o

Memory Configuration

Name             Origin             Length             Attributes
FLASH            0x08000000         0x00010000         xr
RAM              0x20000000         0x00002000         xrw
MEMORY_B1        0x60000000         0x00000000         xr
*default*        0x00000000         0xffffffff

Linker script and memory map

LOAD e:/programy/truestudio for arm 5.4.0/armtools/bin/../lib/gcc/arm-atollic-eabi/4.8.3/armv6-m/crti.o
LOAD e:/programy/truestudio for arm 5.4.0/armtools/bin/../lib/gcc/arm-atollic-eabi/4.8.3/armv6-m/crtbegin.o
LOAD src\tiny_printf.o
LOAD src\system_stm32l0xx.o
LOAD src\startup_stm32l053xx.o
LOAD src\main.o
LOAD Library\src\uart.o
LOAD Library\src\timer.o
LOAD Library\src\system.o
LOAD Library\src\state_machine.o
LOAD Library\src\rtc.o
LOAD Library\src\motors.o
LOAD Library\src\led.o
LOAD Library\src\gpio.o
LOAD Library\src\ee.o
LOAD Library\src\device.o
LOAD Library\src\button_engine.o
LOAD Library\src\adc.o
START GROUP
LOAD e:/programy/truestudio for arm 5.4.0/armtools/bin/../lib/gcc/arm-atollic-eabi/4.8.3/../../../../arm-atollic-eabi/lib/armv6-m\libc_s.a
LOAD e:/programy/truestudio for arm 5.4.0/armtools/bin/../lib/gcc/arm-atollic-eabi/4.8.3/../../../../arm-atollic-eabi/lib/armv6-m\libm.a
END GROUP
                0x00001000                malloc_getpagesize_P = 0x1000
START GROUP
LOAD e:/programy/truestudio for arm 5.4.0/armtools/bin/../lib/gcc/arm-atollic-eabi/4.8.3/armv6-m\libgcc.a
LOAD e:/programy/truestudio for arm 5.4.0/armtools/bin/../lib/gcc/arm-atollic-eabi/4.8.3/../../../../arm-atollic-eabi/lib/armv6-m\libc.a
END GROUP
LOAD e:/programy/truestudio for arm 5.4.0/armtools/bin/../lib/gcc/arm-atollic-eabi/4.8.3/armv6-m/crtend.o
LOAD e:/programy/truestudio for arm 5.4.0/armtools/bin/../lib/gcc/arm-atollic-eabi/4.8.3/armv6-m/crtn.o
                0x20002000                _estack = 0x20002000
                0x00000000                _Min_Heap_Size = 0x0
                0x00000080                _Min_Stack_Size = 0x80

.isr_vector     0x08000000       0xc0
                0x08000000                . = ALIGN (0x4)
 *(.isr_vector)
 .isr_vector    0x08000000       0xc0 src\startup_stm32l053xx.o
                0x08000000                g_pfnVectors
                0x080000c0                . = ALIGN (0x4)

.text           0x080000c0     0x21b8
                0x080000c0                . = ALIGN (0x4)
 *(.text)
 .text          0x080000c0       0x48 e:/programy/truestudio for arm 5.4.0/armtools/bin/../lib/gcc/arm-atollic-eabi/4.8.3/armv6-m/crtbegin.o
 .text          0x08000108       0x9c e:/programy/truestudio for arm 5.4.0/armtools/bin/../lib/gcc/arm-atollic-eabi/4.8.3/armv6-m\libgcc.a(_udivsi3.o)
                0x08000108                __aeabi_uidiv
                0x08000108                __udivsi3
                0x08000190                __aeabi_uidivmod
 .text          0x080001a4       0xc0 e:/programy/truestudio for arm 5.4.0/armtools/bin/../lib/gcc/arm-atollic-eabi/4.8.3/armv6-m\libgcc.a(_divsi3.o)
                0x080001a4                __divsi3
                0x080001a4                __aeabi_idiv
                0x08000250                __aeabi_idivmod
 .text          0x08000264        0x4 e:/programy/truestudio for arm 5.4.0/armtools/bin/../lib/gcc/arm-atollic-eabi/4.8.3/armv6-m\libgcc.a(_dvmd_tls.o)
                0x08000264                __aeabi_idiv0
                0x08000264                __aeabi_ldiv0
 *(.text*)
 .text.ts_itoa  0x08000268       0x98 src\tiny_printf.o
                0x08000268                ts_itoa
 .text.ts_formatstring
                0x08000300      0x134 src\tiny_printf.o
                0x08000300                ts_formatstring
 .text.siprintf
                0x08000434       0x34 src\tiny_printf.o
                0x08000434                siprintf
                0x08000434                sprintf
 .text.SystemInit
                0x08000468       0x78 src\system_stm32l0xx.o
                0x08000468                SystemInit
 .text.SystemCoreClockUpdate
                0x080004e0      0x138 src\system_stm32l0xx.o
                0x080004e0                SystemCoreClockUpdate
 .text.Reset_Handler
                0x08000618       0x50 src\startup_stm32l053xx.o
                0x08000618                Reset_Handler
 .text.Default_Handler
                0x08000668        0x2 src\startup_stm32l053xx.o
                0x08000668                DebugMon_Handler
                0x08000668                TSC_IRQHandler
                0x08000668                PVD_IRQHandler
                0x08000668                I2C1_IRQHandler
                0x08000668                RCC_CRS_IRQHandler
                0x08000668                SPI1_IRQHandler
                0x08000668                TIM6_DAC_IRQHandler
                0x08000668                EXTI2_3_IRQHandler
                0x08000668                I2C2_IRQHandler
                0x08000668                RTC_IRQHandler
                0x08000668                LCD_IRQHandler
                0x08000668                DMA1_Channel1_IRQHandler
                0x08000668                Default_Handler
                0x08000668                TIM22_IRQHandler
                0x08000668                EXTI0_1_IRQHandler
                0x08000668                USB_IRQHandler
                0x08000668                SPI2_IRQHandler
                0x08000668                TIM21_IRQHandler
                0x08000668                WWDG_IRQHandler
                0x08000668                TIM2_IRQHandler
                0x08000668                DMA1_Channel2_3_IRQHandler
                0x08000668                USART2_IRQHandler
                0x08000668                FLASH_IRQHandler
                0x08000668                USART1_IRQHandler
                0x08000668                RNG_LPUART1_IRQHandler
                0x08000668                LPTIM1_IRQHandler
 *fill*         0x0800066a        0x2 
 .text.NVIC_DisableIRQ
                0x0800066c       0x30 src\main.o
 .text.NVIC_SetPriority
                0x0800069c       0xe0 src\main.o
 .text.SysTick_Config
                0x0800077c       0x48 src\main.o
 .text.main     0x080007c4       0xb0 src\main.o
                0x080007c4                main
 .text.NMI_Handler
                0x08000874        0x8 src\main.o
                0x08000874                NMI_Handler
 .text.HardFault_Handler
                0x0800087c        0x8 src\main.o
                0x0800087c                HardFault_Handler
 .text.SVC_Handler
                0x08000884        0x8 src\main.o
                0x08000884                SVC_Handler
 .text.PendSV_Handler
                0x0800088c        0x8 src\main.o
                0x0800088c                PendSV_Handler
 .text.SysTick_Handler
                0x08000894       0x40 src\main.o
                0x08000894                SysTick_Handler
 .text.EXTI4_15_IRQHandler
                0x080008d4       0x50 src\main.o
                0x080008d4                EXTI4_15_IRQHandler
 .text.DMA1_Channel4_5_6_7_IRQHandler
                0x08000924       0x68 src\main.o
                0x08000924                DMA1_Channel4_5_6_7_IRQHandler
 .text.ADC1_COMP_IRQHandler
                0x0800098c       0xb0 src\main.o
                0x0800098c                ADC1_COMP_IRQHandler
 .text.NVIC_EnableIRQ
                0x08000a3c       0x2c Library\src\uart.o
 .text.NVIC_SetPriority
                0x08000a68       0xe0 Library\src\uart.o
 .text.UART__Init
                0x08000b48       0x54 Library\src\uart.o
                0x08000b48                UART__Init
 .text.UART__DMAConfig
                0x08000b9c       0x98 Library\src\uart.o
                0x08000b9c                UART__DMAConfig
 .text.UART__StartDmaTransmision
                0x08000c34      0x104 Library\src\uart.o
                0x08000c34                UART__StartDmaTransmision
 .text.UART__RxInterrupt
                0x08000d38       0x94 Library\src\uart.o
                0x08000d38                UART__RxInterrupt
 .text.UART__TxInterrupt
                0x08000dcc       0x18 Library\src\uart.o
                0x08000dcc                UART__TxInterrupt
 .text.UART__Poll
                0x08000de4      0x2f0 Library\src\uart.o
                0x08000de4                UART__Poll
 .text.UART__SetIntTempToSend
                0x080010d4       0x18 Library\src\uart.o
                0x080010d4                UART__SetIntTempToSend
 .text.UART__SetSharp1ToSend
                0x080010ec       0x18 Library\src\uart.o
                0x080010ec                UART__SetSharp1ToSend
 .text.UART__SetSharpLewyPrzodToSend
                0x08001104       0x18 Library\src\uart.o
                0x08001104                UART__SetSharpLewyPrzodToSend
 .text.UART__SetSharpPrawyPrzodToSend
                0x0800111c       0x18 Library\src\uart.o
                0x0800111c                UART__SetSharpPrawyPrzodToSend
 .text.UART__SetSharpSrodekTylToSend
                0x08001134       0x18 Library\src\uart.o
                0x08001134                UART__SetSharpSrodekTylToSend
 .text.UART__SetVrefToSend
                0x0800114c       0x18 Library\src\uart.o
                0x0800114c                UART__SetVrefToSend
 .text.TIMER__InitClk
                0x08001164       0xb8 Library\src\timer.o
                0x08001164                TIMER__InitClk
 .text.TIMER__PWM_DC1_2_ON
                0x0800121c       0x80 Library\src\timer.o
                0x0800121c                TIMER__PWM_DC1_2_ON
 .text.TIMER__PWM_DC1_2_ALL_OFF
                0x0800129c       0x40 Library\src\timer.o
                0x0800129c                TIMER__PWM_DC1_2_ALL_OFF
 .text.TIMER__PWM_DC1_2_OFF
                0x080012dc       0x78 Library\src\timer.o
                0x080012dc                TIMER__PWM_DC1_2_OFF
 .text.TIMER__PWM_DC1_2_Change_Duty
                0x08001354       0x64 Library\src\timer.o
                0x08001354                TIMER__PWM_DC1_2_Change_Duty
 .text.SystemClock_Config
                0x080013b8       0x9c Library\src\system.o
                0x080013b8                SystemClock_Config
 .text.kolo_przod_prawe_do_przodu
                0x08001454       0x60 Library\src\motors.o
 .text.kolo_przod_prawe_do_tylu
                0x080014b4       0x60 Library\src\motors.o
 .text.kolo_przod_prawe_stop
                0x08001514       0x60 Library\src\motors.o
 .text.kolo_przod_lewe_do_przodu
                0x08001574       0x60 Library\src\motors.o
 .text.kolo_przod_lewe_do_tylu
                0x080015d4       0x5c Library\src\motors.o
 .text.kolo_przod_lewe_stop
                0x08001630       0x60 Library\src\motors.o
 .text.kolo_tyl_prawe_do_przodu
                0x08001690       0x58 Library\src\motors.o
 .text.kolo_tyl_prawe_do_tylu
                0x080016e8       0x54 Library\src\motors.o
 .text.kolo_tyl_prawe_stop
                0x0800173c       0x58 Library\src\motors.o
 .text.kolo_tyl_lewe_do_przodu
                0x08001794       0x58 Library\src\motors.o
 .text.kolo_tyl_lewe_do_tylu
                0x080017ec       0x58 Library\src\motors.o
 .text.kolo_tyl_lewe_stop
                0x08001844       0x58 Library\src\motors.o
 .text.MOTORS__skret_w_lewo
                0x0800189c       0x1c Library\src\motors.o
                0x0800189c                MOTORS__skret_w_lewo
 .text.MOTORS__skret_w_prawo
                0x080018b8       0x1c Library\src\motors.o
                0x080018b8                MOTORS__skret_w_prawo
 .text.MOTORS__jazda_do_tylu
                0x080018d4       0x1c Library\src\motors.o
                0x080018d4                MOTORS__jazda_do_tylu
 .text.MOTORS__jazda_do_przodu
                0x080018f0       0x1c Library\src\motors.o
                0x080018f0                MOTORS__jazda_do_przodu
 .text.MOTORS__jazda_zatrzymana
                0x0800190c       0x1c Library\src\motors.o
                0x0800190c                MOTORS__jazda_zatrzymana
 .text.NVIC_EnableIRQ
                0x08001928       0x2c Library\src\gpio.o
 .text.NVIC_SetPriority
                0x08001954       0xe0 Library\src\gpio.o
 .text.GPIO__Init
                0x08001a34       0x4c Library\src\gpio.o
                0x08001a34                GPIO__Init
 .text.GPIO__ConfigUART
                0x08001a80       0x7c Library\src\gpio.o
                0x08001a80                GPIO__ConfigUART
 .text.GPIO__ConfigButton
                0x08001afc       0x78 Library\src\gpio.o
                0x08001afc                GPIO__ConfigButton
 .text.NVIC_EnableIRQ
                0x08001b74       0x2c Library\src\adc.o
 .text.NVIC_SetPriority
                0x08001ba0       0xe0 Library\src\adc.o
 .text.adc__Init
                0x08001c80      0x124 Library\src\adc.o
 .text.adc__ConvertTemperature
                0x08001da4       0x60 Library\src\adc.o
 .text.ADC__DeInit
                0x08001e04       0x58 Library\src\adc.o
                0x08001e04                ADC__DeInit
 .text.ADC__MeasureAllAdc
                0x08001e5c       0x4c Library\src\adc.o
                0x08001e5c                ADC__MeasureAllAdc
 .text.ADC__UpdateAdcStruct
                0x08001ea8      0x104 Library\src\adc.o
                0x08001ea8                ADC__UpdateAdcStruct
 .text.ADC__GetSharp1MvValue
                0x08001fac       0x14 Library\src\adc.o
                0x08001fac                ADC__GetSharp1MvValue
 .text.ADC__GetSharpPrzodLewyMvValue
                0x08001fc0       0x14 Library\src\adc.o
                0x08001fc0                ADC__GetSharpPrzodLewyMvValue
 .text.ADC__GetSharpPrzodPrawyMvValue
                0x08001fd4       0x14 Library\src\adc.o
                0x08001fd4                ADC__GetSharpPrzodPrawyMvValue
 .text.ADC__GetSharpTylSrodekMvValue
                0x08001fe8       0x14 Library\src\adc.o
                0x08001fe8                ADC__GetSharpTylSrodekMvValue
 .text.ADC__GetVrefAdcValue
                0x08001ffc       0x14 Library\src\adc.o
                0x08001ffc                ADC__GetVrefAdcValue
 .text.ADC__GetTempDegreeValue
                0x08002010       0x14 Library\src\adc.o
                0x08002010                ADC__GetTempDegreeValue
 .text.ADC__ResetIsObstacleFlag
                0x08002024       0x18 Library\src\adc.o
                0x08002024                ADC__ResetIsObstacleFlag
 .text.ADC__GetIsObstacleFlag
                0x0800203c       0x20 Library\src\adc.o
                0x0800203c                ADC__GetIsObstacleFlag
 .text.ADC__Poll
                0x0800205c      0x1b8 Library\src\adc.o
                0x0800205c                ADC__Poll
 .text.__libc_init_array
                0x08002214       0x4c e:/programy/truestudio for arm 5.4.0/armtools/bin/../lib/gcc/arm-atollic-eabi/4.8.3/../../../../arm-atollic-eabi/lib/armv6-m\libc_s.a(lib_a-init.o)
                0x08002214                __libc_init_array
 *(.glue_7)
 .glue_7        0x00000000        0x0 linker stubs
 *(.glue_7t)
 .glue_7t       0x00000000        0x0 linker stubs
 *(.eh_frame)
 .eh_frame      0x08002260        0x0 e:/programy/truestudio for arm 5.4.0/armtools/bin/../lib/gcc/arm-atollic-eabi/4.8.3/armv6-m/crtbegin.o
 *(.init)
 .init          0x08002260        0x4 e:/programy/truestudio for arm 5.4.0/armtools/bin/../lib/gcc/arm-atollic-eabi/4.8.3/armv6-m/crti.o
                0x08002260                _init
 .init          0x08002264        0x8 e:/programy/truestudio for arm 5.4.0/armtools/bin/../lib/gcc/arm-atollic-eabi/4.8.3/armv6-m/crtn.o
 *(.fini)
 .fini          0x0800226c        0x4 e:/programy/truestudio for arm 5.4.0/armtools/bin/../lib/gcc/arm-atollic-eabi/4.8.3/armv6-m/crti.o
                0x0800226c                _fini
 .fini          0x08002270        0x8 e:/programy/truestudio for arm 5.4.0/armtools/bin/../lib/gcc/arm-atollic-eabi/4.8.3/armv6-m/crtn.o
                0x08002278                . = ALIGN (0x4)
                0x08002278                _etext = .

.vfp11_veneer   0x08002278        0x0
 .vfp11_veneer  0x00000000        0x0 linker stubs

.v4_bx          0x08002278        0x0
 .v4_bx         0x00000000        0x0 linker stubs

.iplt           0x08002278        0x0
 .iplt          0x00000000        0x0 e:/programy/truestudio for arm 5.4.0/armtools/bin/../lib/gcc/arm-atollic-eabi/4.8.3/armv6-m/crtbegin.o

.rodata         0x08002278       0x5c
                0x08002278                . = ALIGN (0x4)
 *(.rodata)
 .rodata        0x08002278        0x4 src\main.o
 .rodata        0x0800227c       0x58 Library\src\uart.o
 *(.rodata*)
                0x080022d4                . = ALIGN (0x4)

.rel.dyn        0x080022d4        0x0
 .rel.iplt      0x00000000        0x0 e:/programy/truestudio for arm 5.4.0/armtools/bin/../lib/gcc/arm-atollic-eabi/4.8.3/armv6-m/crtbegin.o

.ARM.extab
 *(.ARM.extab* .gnu.linkonce.armextab.*)

.ARM            0x080022d4        0x0
                0x080022d4                __exidx_start = .
 *(.ARM.exidx*)
                0x080022d4                __exidx_end = .

.preinit_array  0x080022d4        0x0
                0x080022d4                PROVIDE (__preinit_array_start, .)
 *(.preinit_array*)
                0x080022d4                PROVIDE (__preinit_array_end, .)

.init_array     0x080022d4        0x4
                0x080022d4                PROVIDE (__init_array_start, .)
 *(SORT(.init_array.*))
 *(.init_array*)
 .init_array    0x080022d4        0x4 e:/programy/truestudio for arm 5.4.0/armtools/bin/../lib/gcc/arm-atollic-eabi/4.8.3/armv6-m/crtbegin.o
                0x080022d8                PROVIDE (__init_array_end, .)

.fini_array     0x080022d8        0x4
                0x080022d8                PROVIDE (__fini_array_start, .)
 *(SORT(.fini_array.*))
 *(.fini_array*)
 .fini_array    0x080022d8        0x4 e:/programy/truestudio for arm 5.4.0/armtools/bin/../lib/gcc/arm-atollic-eabi/4.8.3/armv6-m/crtbegin.o
                0x080022dc                PROVIDE (__fini_array_end, .)
                0x080022dc                _sidata = LOADADDR (.data)

.data           0x20000000       0x24 load address 0x080022dc
                0x20000000                . = ALIGN (0x4)
                0x20000000                _sdata = .
 *(.data)
 *(.data*)
 .data.SystemCoreClock
                0x20000000        0x4 src\system_stm32l0xx.o
                0x20000000                SystemCoreClock
 .data.AHBPrescTable
                0x20000004       0x10 src\system_stm32l0xx.o
                0x20000004                AHBPrescTable
 .data.PLLMulTable
                0x20000014        0xc src\system_stm32l0xx.o
                0x20000014                PLLMulTable
 .data.data.5200
                0x20000020        0x4 src\main.o
                0x20000024                . = ALIGN (0x4)
                0x20000024                _edata = .

.igot.plt       0x20000024        0x0 load address 0x08002300
 .igot.plt      0x00000000        0x0 e:/programy/truestudio for arm 5.4.0/armtools/bin/../lib/gcc/arm-atollic-eabi/4.8.3/armv6-m/crtbegin.o
                0x20000024                . = ALIGN (0x4)

.bss            0x20000024       0xa0 load address 0x08002300
                0x20000024                _sbss = .
                0x20000024                __bss_start__ = _sbss
 *(.bss)
 .bss           0x20000024       0x1c e:/programy/truestudio for arm 5.4.0/armtools/bin/../lib/gcc/arm-atollic-eabi/4.8.3/armv6-m/crtbegin.o
 *(.bss*)
 .bss.counter   0x20000040        0x2 src\main.o
                0x20000040                counter
 .bss.error     0x20000042        0x2 src\main.o
                0x20000042                error
 .bss.count_timer.5196
                0x20000044        0x1 src\main.o
 *fill*         0x20000045        0x3 
 .bss.uart__status_u
                0x20000048        0x4 Library\src\uart.o
 .bss.index.4878
                0x2000004c        0x1 Library\src\uart.o
 *fill*         0x2000004d        0x3 
 .bss.adc__data_s
                0x20000050       0x30 Library\src\adc.o
 *(COMMON)
 COMMON         0x20000080       0x24 Library\src\uart.o
                0x20000080                stringtoreceive
                0x20000084                RxBuffer
                0x20000090                stringtosend
 COMMON         0x200000a4        0x2 Library\src\timer.o
                0x200000a4                timer__data_u
 *fill*         0x200000a6        0x2 
 COMMON         0x200000a8       0x1c Library\src\adc.o
                0x200000a8                CurrentChannel
                0x200000ac                ADC_array
                0x200000c4                . = ALIGN (0x4)
                0x200000c4                _ebss = .
                0x200000c4                __bss_end__ = _ebss

._user_heap_stack
                0x200000c4       0x80 load address 0x08002300
                0x200000c4                . = ALIGN (0x4)
                0x200000c4                PROVIDE (end, .)
                0x200000c4                PROVIDE (_end, .)
                0x200000c4                . = (. + _Min_Heap_Size)
                0x20000144                . = (. + _Min_Stack_Size)
 *fill*         0x200000c4       0x80 
                0x20000144                . = ALIGN (0x4)

.memory_b1_text
 *(.mb1text)
 *(.mb1text*)
 *(.mb1rodata)
 *(.mb1rodata*)

/DISCARD/
 libc.a(*)
 libm.a(*)
 libgcc.a(*)

.ARM.attributes
                0x00000000       0x28
 *(.ARM.attributes)
 .ARM.attributes
                0x00000000       0x1e e:/programy/truestudio for arm 5.4.0/armtools/bin/../lib/gcc/arm-atollic-eabi/4.8.3/armv6-m/crti.o
 .ARM.attributes
                0x0000001e       0x2c e:/programy/truestudio for arm 5.4.0/armtools/bin/../lib/gcc/arm-atollic-eabi/4.8.3/armv6-m/crtbegin.o
 .ARM.attributes
                0x0000004a       0x32 src\tiny_printf.o
 .ARM.attributes
                0x0000007c       0x32 src\system_stm32l0xx.o
 .ARM.attributes
                0x000000ae       0x22 src\startup_stm32l053xx.o
 .ARM.attributes
                0x000000d0       0x32 src\main.o
 .ARM.attributes
                0x00000102       0x32 Library\src\uart.o
 .ARM.attributes
                0x00000134       0x32 Library\src\timer.o
 .ARM.attributes
                0x00000166       0x32 Library\src\system.o
 .ARM.attributes
                0x00000198       0x32 Library\src\motors.o
 .ARM.attributes
                0x000001ca       0x32 Library\src\gpio.o
 .ARM.attributes
                0x000001fc       0x32 Library\src\adc.o
 .ARM.attributes
                0x0000022e       0x2c e:/programy/truestudio for arm 5.4.0/armtools/bin/../lib/gcc/arm-atollic-eabi/4.8.3/../../../../arm-atollic-eabi/lib/armv6-m\libc_s.a(lib_a-init.o)
 .ARM.attributes
                0x0000025a       0x1e e:/programy/truestudio for arm 5.4.0/armtools/bin/../lib/gcc/arm-atollic-eabi/4.8.3/armv6-m\libgcc.a(_udivsi3.o)
 .ARM.attributes
                0x00000278       0x1e e:/programy/truestudio for arm 5.4.0/armtools/bin/../lib/gcc/arm-atollic-eabi/4.8.3/armv6-m\libgcc.a(_divsi3.o)
 .ARM.attributes
                0x00000296       0x1e e:/programy/truestudio for arm 5.4.0/armtools/bin/../lib/gcc/arm-atollic-eabi/4.8.3/armv6-m\libgcc.a(_dvmd_tls.o)
 .ARM.attributes
                0x000002b4       0x1e e:/programy/truestudio for arm 5.4.0/armtools/bin/../lib/gcc/arm-atollic-eabi/4.8.3/armv6-m/crtn.o
OUTPUT(Robot.elf elf32-littlearm)

.debug_info     0x00000000     0x40da
 .debug_info    0x00000000      0xbc2 src\tiny_printf.o
 .debug_info    0x00000bc2      0x343 src\system_stm32l0xx.o
 .debug_info    0x00000f05       0x82 src\startup_stm32l053xx.o
 .debug_info    0x00000f87      0x98b src\main.o
 .debug_info    0x00001912      0xaa7 Library\src\uart.o
 .debug_info    0x000023b9      0x68d Library\src\timer.o
 .debug_info    0x00002a46      0x27e Library\src\system.o
 .debug_info    0x00002cc4      0x3cb Library\src\motors.o
 .debug_info    0x0000308f      0x6ee Library\src\gpio.o
 .debug_info    0x0000377d      0x95d Library\src\adc.o

.debug_abbrev   0x00000000      0xe86
 .debug_abbrev  0x00000000      0x248 src\tiny_printf.o
 .debug_abbrev  0x00000248       0xf0 src\system_stm32l0xx.o
 .debug_abbrev  0x00000338       0x12 src\startup_stm32l053xx.o
 .debug_abbrev  0x0000034a      0x226 src\main.o
 .debug_abbrev  0x00000570      0x250 Library\src\uart.o
 .debug_abbrev  0x000007c0      0x197 Library\src\timer.o
 .debug_abbrev  0x00000957       0x8e Library\src\system.o
 .debug_abbrev  0x000009e5       0xcc Library\src\motors.o
 .debug_abbrev  0x00000ab1      0x150 Library\src\gpio.o
 .debug_abbrev  0x00000c01      0x285 Library\src\adc.o

.debug_aranges  0x00000000      0x3e8
 .debug_aranges
                0x00000000       0x60 src\tiny_printf.o
 .debug_aranges
                0x00000060       0x28 src\system_stm32l0xx.o
 .debug_aranges
                0x00000088       0x28 src\startup_stm32l053xx.o
 .debug_aranges
                0x000000b0       0x78 src\main.o
 .debug_aranges
                0x00000128       0x88 Library\src\uart.o
 .debug_aranges
                0x000001b0       0x78 Library\src\timer.o
 .debug_aranges
                0x00000228       0x20 Library\src\system.o
 .debug_aranges
                0x00000248       0xa0 Library\src\motors.o
 .debug_aranges
                0x000002e8       0x58 Library\src\gpio.o
 .debug_aranges
                0x00000340       0xa8 Library\src\adc.o

.debug_ranges   0x00000000      0x350
 .debug_ranges  0x00000000       0x50 src\tiny_printf.o
 .debug_ranges  0x00000050       0x18 src\system_stm32l0xx.o
 .debug_ranges  0x00000068       0x20 src\startup_stm32l053xx.o
 .debug_ranges  0x00000088       0x68 src\main.o
 .debug_ranges  0x000000f0       0x78 Library\src\uart.o
 .debug_ranges  0x00000168       0x68 Library\src\timer.o
 .debug_ranges  0x000001d0       0x10 Library\src\system.o
 .debug_ranges  0x000001e0       0x90 Library\src\motors.o
 .debug_ranges  0x00000270       0x48 Library\src\gpio.o
 .debug_ranges  0x000002b8       0x98 Library\src\adc.o

.debug_line     0x00000000     0x1788
 .debug_line    0x00000000      0x296 src\tiny_printf.o
 .debug_line    0x00000296      0x19b src\system_stm32l0xx.o
 .debug_line    0x00000431       0x7f src\startup_stm32l053xx.o
 .debug_line    0x000004b0      0x2e3 src\main.o
 .debug_line    0x00000793      0x326 Library\src\uart.o
 .debug_line    0x00000ab9      0x298 Library\src\timer.o
 .debug_line    0x00000d51      0x165 Library\src\system.o
 .debug_line    0x00000eb6      0x2e8 Library\src\motors.o
 .debug_line    0x0000119e      0x20e Library\src\gpio.o
 .debug_line    0x000013ac      0x3dc Library\src\adc.o

.debug_str      0x00000000     0x14ff
 .debug_str     0x00000000      0x576 src\tiny_printf.o
                                0x5ed (size before relaxing)
 .debug_str     0x00000576      0x162 src\system_stm32l0xx.o
                                0x2dc (size before relaxing)
 .debug_str     0x000006d8      0x488 src\main.o
                                0x6fd (size before relaxing)
 .debug_str     0x00000b60      0x25d Library\src\uart.o
                                0x74c (size before relaxing)
 .debug_str     0x00000dbd      0x1d0 Library\src\timer.o
                                0x516 (size before relaxing)
 .debug_str     0x00000f8d       0x6d Library\src\system.o
                                0x282 (size before relaxing)
 .debug_str     0x00000ffa      0x1a0 Library\src\motors.o
                                0x419 (size before relaxing)
 .debug_str     0x0000119a       0x9d Library\src\gpio.o
                                0x574 (size before relaxing)
 .debug_str     0x00001237      0x2c8 Library\src\adc.o
                                0x842 (size before relaxing)

.comment        0x00000000       0x82
 .comment       0x00000000       0x82 src\tiny_printf.o
                                 0x83 (size before relaxing)
 .comment       0x00000000       0x83 src\system_stm32l0xx.o
 .comment       0x00000000       0x83 src\main.o
 .comment       0x00000000       0x83 Library\src\uart.o
 .comment       0x00000000       0x83 Library\src\timer.o
 .comment       0x00000000       0x83 Library\src\system.o
 .comment       0x00000000       0x83 Library\src\motors.o
 .comment       0x00000000       0x83 Library\src\gpio.o
 .comment       0x00000000       0x83 Library\src\adc.o

.debug_frame    0x00000000      0xbd0
 .debug_frame   0x00000000      0x140 src\tiny_printf.o
 .debug_frame   0x00000140       0x4c src\system_stm32l0xx.o
 .debug_frame   0x0000018c      0x170 src\main.o
 .debug_frame   0x000002fc      0x1b0 Library\src\uart.o
 .debug_frame   0x000004ac      0x170 Library\src\timer.o
 .debug_frame   0x0000061c       0x2c Library\src\system.o
 .debug_frame   0x00000648      0x1ec Library\src\motors.o
 .debug_frame   0x00000834      0x110 Library\src\gpio.o
 .debug_frame   0x00000944      0x220 Library\src\adc.o
 .debug_frame   0x00000b64       0x2c e:/programy/truestudio for arm 5.4.0/armtools/bin/../lib/gcc/arm-atollic-eabi/4.8.3/../../../../arm-atollic-eabi/lib/armv6-m\libc_s.a(lib_a-init.o)
 .debug_frame   0x00000b90       0x20 e:/programy/truestudio for arm 5.4.0/armtools/bin/../lib/gcc/arm-atollic-eabi/4.8.3/armv6-m\libgcc.a(_udivsi3.o)
 .debug_frame   0x00000bb0       0x20 e:/programy/truestudio for arm 5.4.0/armtools/bin/../lib/gcc/arm-atollic-eabi/4.8.3/armv6-m\libgcc.a(_divsi3.o)

Cross Reference Table

Symbol                                            File
ADC1_COMP_IRQHandler                              src\main.o
                                                  src\startup_stm32l053xx.o
ADC__DeInit                                       Library\src\adc.o
                                                  src\main.o
ADC__GetIsObstacleFlag                            Library\src\adc.o
                                                  Library\src\uart.o
ADC__GetSharp1MvValue                             Library\src\adc.o
                                                  Library\src\uart.o
ADC__GetSharpPrzodLewyMvValue                     Library\src\adc.o
                                                  Library\src\uart.o
ADC__GetSharpPrzodPrawyMvValue                    Library\src\adc.o
                                                  Library\src\uart.o
ADC__GetSharpTylSrodekMvValue                     Library\src\adc.o
                                                  Library\src\uart.o
ADC__GetTempAdcValue                              Library\src\adc.o
ADC__GetTempDegreeValue                           Library\src\adc.o
                                                  Library\src\uart.o
ADC__GetVrefAdcValue                              Library\src\adc.o
                                                  Library\src\uart.o
ADC__MeasureAllAdc                                Library\src\adc.o
ADC__Poll                                         Library\src\adc.o
                                                  src\main.o
ADC__ResetIsObstacleFlag                          Library\src\adc.o
                                                  src\main.o
ADC__SetIsObstacleFlag                            Library\src\adc.o
ADC__UpdateAdcStruct                              Library\src\adc.o
                                                  src\main.o
ADC_array                                         Library\src\adc.o
                                                  src\main.o
AHBPrescTable                                     src\system_stm32l0xx.o
BUTTON__Init                                      Library\src\button_engine.o
CurrentChannel                                    Library\src\adc.o
                                                  src\main.o
DEVICE__MENU                                      Library\src\device.o
DEVICE__ResetSTM                                  Library\src\device.o
DEVICE__SleepPoll                                 Library\src\device.o
DMA1_Channel1_IRQHandler                          src\startup_stm32l053xx.o
DMA1_Channel2_3_IRQHandler                        src\startup_stm32l053xx.o
DMA1_Channel4_5_6_7_IRQHandler                    src\main.o
                                                  src\startup_stm32l053xx.o
DebugMon_Handler                                  src\startup_stm32l053xx.o
Default_Handler                                   src\startup_stm32l053xx.o
EE_GetEeVrefValue                                 Library\src\ee.o
EE__Init                                          Library\src\ee.o
EE__Lock                                          Library\src\ee.o
EE__ReadByte                                      Library\src\ee.o
EE__ReadHalfWord                                  Library\src\ee.o
EE__ReadWord                                      Library\src\ee.o
EE__Unlock                                        Library\src\ee.o
EE__WriteByte                                     Library\src\ee.o
EE__WriteHalfWord                                 Library\src\ee.o
EE__WriteWord                                     Library\src\ee.o
EXTI0_1_IRQHandler                                src\startup_stm32l053xx.o
EXTI2_3_IRQHandler                                src\startup_stm32l053xx.o
EXTI4_15_IRQHandler                               src\main.o
                                                  src\startup_stm32l053xx.o
FLASH_IRQHandler                                  src\startup_stm32l053xx.o
GPIO__ConfigButton                                Library\src\gpio.o
                                                  src\main.o
GPIO__ConfigLedB                                  Library\src\gpio.o
GPIO__ConfigLedG                                  Library\src\gpio.o
GPIO__ConfigLedR                                  Library\src\gpio.o
GPIO__ConfigUART                                  Library\src\gpio.o
                                                  src\main.o
GPIO__Init                                        Library\src\gpio.o
                                                  src\main.o
HardFault_Handler                                 src\main.o
                                                  src\startup_stm32l053xx.o
I2C1_IRQHandler                                   src\startup_stm32l053xx.o
I2C2_IRQHandler                                   src\startup_stm32l053xx.o
LCD_IRQHandler                                    src\startup_stm32l053xx.o
LEDColour                                         Library\src\led.o
LED__GetLedBlueDuty                               Library\src\led.o
LED__GetLedGreenDuty                              Library\src\led.o
LED__GetLedRedDuty                                Library\src\led.o
LED__Init                                         Library\src\led.o
LED__Poll                                         Library\src\led.o
LED__RGB                                          Library\src\led.o
LPTIM1_IRQHandler                                 src\startup_stm32l053xx.o
LSI_measured_frequency                            Library\src\rtc.o
MOTORS__jazda_do_przodu                           Library\src\motors.o
                                                  Library\src\adc.o
                                                  Library\src\uart.o
MOTORS__jazda_do_tylu                             Library\src\motors.o
                                                  Library\src\adc.o
                                                  Library\src\uart.o
MOTORS__jazda_zatrzymana                          Library\src\motors.o
                                                  Library\src\adc.o
                                                  Library\src\uart.o
                                                  src\main.o
MOTORS__skret_w_lewo                              Library\src\motors.o
                                                  Library\src\uart.o
MOTORS__skret_w_prawo                             Library\src\motors.o
                                                  Library\src\uart.o
NMI_Handler                                       src\main.o
                                                  src\startup_stm32l053xx.o
PLLMulTable                                       src\system_stm32l0xx.o
PVD_IRQHandler                                    src\startup_stm32l053xx.o
PendSV_Handler                                    src\main.o
                                                  src\startup_stm32l053xx.o
RCC_CRS_IRQHandler                                src\startup_stm32l053xx.o
RNG_LPUART1_IRQHandler                            src\startup_stm32l053xx.o
RTC_IRQHandler                                    src\startup_stm32l053xx.o
RTC__Disable_Wakeup                               Library\src\rtc.o
RTC__Init                                         Library\src\rtc.o
RTC__Interrupt_Routine                            Library\src\rtc.o
RTC__Set_Alarm                                    Library\src\rtc.o
RTC__Set_Wakeup                                   Library\src\rtc.o
Reset_Handler                                     src\startup_stm32l053xx.o
RxBuffer                                          Library\src\uart.o
SPI1_IRQHandler                                   src\startup_stm32l053xx.o
SPI2_IRQHandler                                   src\startup_stm32l053xx.o
STATEMACHINE__PollFunction                        Library\src\state_machine.o
SVC_Handler                                       src\main.o
                                                  src\startup_stm32l053xx.o
SysTick_Handler                                   src\main.o
                                                  src\startup_stm32l053xx.o
SystemClock_Config                                Library\src\system.o
                                                  src\main.o
SystemCoreClock                                   src\system_stm32l0xx.o
SystemCoreClockUpdate                             src\system_stm32l0xx.o
                                                  Library\src\system.o
SystemInit                                        src\system_stm32l0xx.o
                                                  src\startup_stm32l053xx.o
TIM21_IRQHandler                                  src\startup_stm32l053xx.o
TIM22_IRQHandler                                  src\startup_stm32l053xx.o
TIM2_IRQHandler                                   src\startup_stm32l053xx.o
TIM6_DAC_IRQHandler                               src\startup_stm32l053xx.o
TIMER__Delay10us                                  Library\src\timer.o
TIMER__DelayMs                                    Library\src\timer.o
TIMER__GetStatus                                  Library\src\timer.o
TIMER__InitClk                                    Library\src\timer.o
                                                  src\main.o
TIMER__InitInterruptTim4Isr                       Library\src\timer.o
TIMER__InitSystemTimer                            Library\src\timer.o
TIMER__PWM_DC1_2_ALL_OFF                          Library\src\timer.o
TIMER__PWM_DC1_2_Change_Duty                      Library\src\timer.o
                                                  Library\src\adc.o
                                                  Library\src\uart.o
TIMER__PWM_DC1_2_OFF                              Library\src\timer.o
                                                  Library\src\motors.o
TIMER__PWM_DC1_2_ON                               Library\src\timer.o
                                                  Library\src\motors.o
TIMER__Poll                                       Library\src\timer.o
TIMER__SetFlag                                    Library\src\timer.o
TSC_IRQHandler                                    src\startup_stm32l053xx.o
UART__DMAConfig                                   Library\src\uart.o
                                                  src\main.o
UART__Init                                        Library\src\uart.o
                                                  src\main.o
UART__Poll                                        Library\src\uart.o
                                                  src\main.o
UART__RxInterrupt                                 Library\src\uart.o
                                                  src\main.o
UART__SetIntTempToSend                            Library\src\uart.o
                                                  src\main.o
UART__SetSharp1ToSend                             Library\src\uart.o
                                                  src\main.o
UART__SetSharpLewyPrzodToSend                     Library\src\uart.o
                                                  src\main.o
UART__SetSharpPrawyPrzodToSend                    Library\src\uart.o
                                                  src\main.o
UART__SetSharpSrodekTylToSend                     Library\src\uart.o
                                                  src\main.o
UART__SetVrefToSend                               Library\src\uart.o
                                                  src\main.o
UART__StartDmaTransmision                         Library\src\uart.o
                                                  src\main.o
UART__TxInterrupt                                 Library\src\uart.o
                                                  src\main.o
USART1_IRQHandler                                 src\startup_stm32l053xx.o
USART2_IRQHandler                                 src\startup_stm32l053xx.o
USB_IRQHandler                                    src\startup_stm32l053xx.o
WWDG_IRQHandler                                   src\startup_stm32l053xx.o
__aeabi_idiv                                      e:/programy/truestudio for arm 5.4.0/armtools/bin/../lib/gcc/arm-atollic-eabi/4.8.3/armv6-m\libgcc.a(_divsi3.o)
                                                  Library\src\adc.o
                                                  src\tiny_printf.o
__aeabi_idiv0                                     e:/programy/truestudio for arm 5.4.0/armtools/bin/../lib/gcc/arm-atollic-eabi/4.8.3/armv6-m\libgcc.a(_dvmd_tls.o)
                                                  e:/programy/truestudio for arm 5.4.0/armtools/bin/../lib/gcc/arm-atollic-eabi/4.8.3/armv6-m\libgcc.a(_divsi3.o)
                                                  e:/programy/truestudio for arm 5.4.0/armtools/bin/../lib/gcc/arm-atollic-eabi/4.8.3/armv6-m\libgcc.a(_udivsi3.o)
__aeabi_idivmod                                   e:/programy/truestudio for arm 5.4.0/armtools/bin/../lib/gcc/arm-atollic-eabi/4.8.3/armv6-m\libgcc.a(_divsi3.o)
__aeabi_ldiv0                                     e:/programy/truestudio for arm 5.4.0/armtools/bin/../lib/gcc/arm-atollic-eabi/4.8.3/armv6-m\libgcc.a(_dvmd_tls.o)
__aeabi_uidiv                                     e:/programy/truestudio for arm 5.4.0/armtools/bin/../lib/gcc/arm-atollic-eabi/4.8.3/armv6-m\libgcc.a(_udivsi3.o)
                                                  Library\src\adc.o
                                                  Library\src\uart.o
                                                  src\system_stm32l0xx.o
                                                  src\tiny_printf.o
__aeabi_uidivmod                                  e:/programy/truestudio for arm 5.4.0/armtools/bin/../lib/gcc/arm-atollic-eabi/4.8.3/armv6-m\libgcc.a(_udivsi3.o)
                                                  src\tiny_printf.o
__deregister_frame_info                           e:/programy/truestudio for arm 5.4.0/armtools/bin/../lib/gcc/arm-atollic-eabi/4.8.3/armv6-m/crtbegin.o
__divsi3                                          e:/programy/truestudio for arm 5.4.0/armtools/bin/../lib/gcc/arm-atollic-eabi/4.8.3/armv6-m\libgcc.a(_divsi3.o)
__dso_handle                                      e:/programy/truestudio for arm 5.4.0/armtools/bin/../lib/gcc/arm-atollic-eabi/4.8.3/armv6-m/crtbegin.o
__env                                             e:/programy/truestudio for arm 5.4.0/armtools/bin/../lib/gcc/arm-atollic-eabi/4.8.3/../../../../arm-atollic-eabi/lib/armv6-m\libc_s.a(lib_a-syscalls.o)
__init_array_end                                  e:/programy/truestudio for arm 5.4.0/armtools/bin/../lib/gcc/arm-atollic-eabi/4.8.3/../../../../arm-atollic-eabi/lib/armv6-m\libc_s.a(lib_a-init.o)
__init_array_start                                e:/programy/truestudio for arm 5.4.0/armtools/bin/../lib/gcc/arm-atollic-eabi/4.8.3/../../../../arm-atollic-eabi/lib/armv6-m\libc_s.a(lib_a-init.o)
__libc_init_array                                 e:/programy/truestudio for arm 5.4.0/armtools/bin/../lib/gcc/arm-atollic-eabi/4.8.3/../../../../arm-atollic-eabi/lib/armv6-m\libc_s.a(lib_a-init.o)
                                                  src\startup_stm32l053xx.o
__malloc_free_list                                e:/programy/truestudio for arm 5.4.0/armtools/bin/../lib/gcc/arm-atollic-eabi/4.8.3/../../../../arm-atollic-eabi/lib/armv6-m\libc_s.a(lib_a-nano-mallocr.o)
                                                  e:/programy/truestudio for arm 5.4.0/armtools/bin/../lib/gcc/arm-atollic-eabi/4.8.3/../../../../arm-atollic-eabi/lib/armv6-m\libc_s.a(lib_a-nano-freer.o)
__malloc_sbrk_start                               e:/programy/truestudio for arm 5.4.0/armtools/bin/../lib/gcc/arm-atollic-eabi/4.8.3/../../../../arm-atollic-eabi/lib/armv6-m\libc_s.a(lib_a-nano-mallocr.o)
__preinit_array_end                               e:/programy/truestudio for arm 5.4.0/armtools/bin/../lib/gcc/arm-atollic-eabi/4.8.3/../../../../arm-atollic-eabi/lib/armv6-m\libc_s.a(lib_a-init.o)
__preinit_array_start                             e:/programy/truestudio for arm 5.4.0/armtools/bin/../lib/gcc/arm-atollic-eabi/4.8.3/../../../../arm-atollic-eabi/lib/armv6-m\libc_s.a(lib_a-init.o)
__register_frame_info                             e:/programy/truestudio for arm 5.4.0/armtools/bin/../lib/gcc/arm-atollic-eabi/4.8.3/armv6-m/crtbegin.o
__sf_fake_stderr                                  e:/programy/truestudio for arm 5.4.0/armtools/bin/../lib/gcc/arm-atollic-eabi/4.8.3/../../../../arm-atollic-eabi/lib/armv6-m\libc_s.a(lib_a-impure.o)
__sf_fake_stdin                                   e:/programy/truestudio for arm 5.4.0/armtools/bin/../lib/gcc/arm-atollic-eabi/4.8.3/../../../../arm-atollic-eabi/lib/armv6-m\libc_s.a(lib_a-impure.o)
__sf_fake_stdout                                  e:/programy/truestudio for arm 5.4.0/armtools/bin/../lib/gcc/arm-atollic-eabi/4.8.3/../../../../arm-atollic-eabi/lib/armv6-m\libc_s.a(lib_a-impure.o)
__udivsi3                                         e:/programy/truestudio for arm 5.4.0/armtools/bin/../lib/gcc/arm-atollic-eabi/4.8.3/armv6-m\libgcc.a(_udivsi3.o)
_close                                            e:/programy/truestudio for arm 5.4.0/armtools/bin/../lib/gcc/arm-atollic-eabi/4.8.3/../../../../arm-atollic-eabi/lib/armv6-m\libc_s.a(lib_a-syscalls.o)
_ebss                                             src\startup_stm32l053xx.o
_edata                                            src\startup_stm32l053xx.o
_estack                                           src\startup_stm32l053xx.o
_execve                                           e:/programy/truestudio for arm 5.4.0/armtools/bin/../lib/gcc/arm-atollic-eabi/4.8.3/../../../../arm-atollic-eabi/lib/armv6-m\libc_s.a(lib_a-syscalls.o)
_exit                                             e:/programy/truestudio for arm 5.4.0/armtools/bin/../lib/gcc/arm-atollic-eabi/4.8.3/../../../../arm-atollic-eabi/lib/armv6-m\libc_s.a(lib_a-syscalls.o)
_fini                                             e:/programy/truestudio for arm 5.4.0/armtools/bin/../lib/gcc/arm-atollic-eabi/4.8.3/armv6-m/crti.o
_fork                                             e:/programy/truestudio for arm 5.4.0/armtools/bin/../lib/gcc/arm-atollic-eabi/4.8.3/../../../../arm-atollic-eabi/lib/armv6-m\libc_s.a(lib_a-syscalls.o)
_free_r                                           e:/programy/truestudio for arm 5.4.0/armtools/bin/../lib/gcc/arm-atollic-eabi/4.8.3/../../../../arm-atollic-eabi/lib/armv6-m\libc_s.a(lib_a-nano-freer.o)
                                                  e:/programy/truestudio for arm 5.4.0/armtools/bin/../lib/gcc/arm-atollic-eabi/4.8.3/../../../../arm-atollic-eabi/lib/armv6-m\libc_s.a(lib_a-reent.o)
_fstat                                            e:/programy/truestudio for arm 5.4.0/armtools/bin/../lib/gcc/arm-atollic-eabi/4.8.3/../../../../arm-atollic-eabi/lib/armv6-m\libc_s.a(lib_a-syscalls.o)
_getpid                                           e:/programy/truestudio for arm 5.4.0/armtools/bin/../lib/gcc/arm-atollic-eabi/4.8.3/../../../../arm-atollic-eabi/lib/armv6-m\libc_s.a(lib_a-syscalls.o)
_global_impure_ptr                                e:/programy/truestudio for arm 5.4.0/armtools/bin/../lib/gcc/arm-atollic-eabi/4.8.3/../../../../arm-atollic-eabi/lib/armv6-m\libc_s.a(lib_a-impure.o)
_impure_ptr                                       e:/programy/truestudio for arm 5.4.0/armtools/bin/../lib/gcc/arm-atollic-eabi/4.8.3/../../../../arm-atollic-eabi/lib/armv6-m\libc_s.a(lib_a-impure.o)
                                                  e:/programy/truestudio for arm 5.4.0/armtools/bin/../lib/gcc/arm-atollic-eabi/4.8.3/../../../../arm-atollic-eabi/lib/armv6-m\libc_s.a(lib_a-reent.o)
_init                                             e:/programy/truestudio for arm 5.4.0/armtools/bin/../lib/gcc/arm-atollic-eabi/4.8.3/armv6-m/crti.o
                                                  e:/programy/truestudio for arm 5.4.0/armtools/bin/../lib/gcc/arm-atollic-eabi/4.8.3/../../../../arm-atollic-eabi/lib/armv6-m\libc_s.a(lib_a-init.o)
_isatty                                           e:/programy/truestudio for arm 5.4.0/armtools/bin/../lib/gcc/arm-atollic-eabi/4.8.3/../../../../arm-atollic-eabi/lib/armv6-m\libc_s.a(lib_a-syscalls.o)
_kill                                             e:/programy/truestudio for arm 5.4.0/armtools/bin/../lib/gcc/arm-atollic-eabi/4.8.3/../../../../arm-atollic-eabi/lib/armv6-m\libc_s.a(lib_a-syscalls.o)
_link                                             e:/programy/truestudio for arm 5.4.0/armtools/bin/../lib/gcc/arm-atollic-eabi/4.8.3/../../../../arm-atollic-eabi/lib/armv6-m\libc_s.a(lib_a-syscalls.o)
_lseek                                            e:/programy/truestudio for arm 5.4.0/armtools/bin/../lib/gcc/arm-atollic-eabi/4.8.3/../../../../arm-atollic-eabi/lib/armv6-m\libc_s.a(lib_a-syscalls.o)
_malloc_r                                         e:/programy/truestudio for arm 5.4.0/armtools/bin/../lib/gcc/arm-atollic-eabi/4.8.3/../../../../arm-atollic-eabi/lib/armv6-m\libc_s.a(lib_a-nano-mallocr.o)
_open                                             e:/programy/truestudio for arm 5.4.0/armtools/bin/../lib/gcc/arm-atollic-eabi/4.8.3/../../../../arm-atollic-eabi/lib/armv6-m\libc_s.a(lib_a-syscalls.o)
_read                                             e:/programy/truestudio for arm 5.4.0/armtools/bin/../lib/gcc/arm-atollic-eabi/4.8.3/../../../../arm-atollic-eabi/lib/armv6-m\libc_s.a(lib_a-syscalls.o)
_reclaim_reent                                    e:/programy/truestudio for arm 5.4.0/armtools/bin/../lib/gcc/arm-atollic-eabi/4.8.3/../../../../arm-atollic-eabi/lib/armv6-m\libc_s.a(lib_a-reent.o)
_sbrk                                             e:/programy/truestudio for arm 5.4.0/armtools/bin/../lib/gcc/arm-atollic-eabi/4.8.3/../../../../arm-atollic-eabi/lib/armv6-m\libc_s.a(lib_a-syscalls.o)
                                                  e:/programy/truestudio for arm 5.4.0/armtools/bin/../lib/gcc/arm-atollic-eabi/4.8.3/../../../../arm-atollic-eabi/lib/armv6-m\libc_s.a(lib_a-sbrkr.o)
_sbrk_r                                           e:/programy/truestudio for arm 5.4.0/armtools/bin/../lib/gcc/arm-atollic-eabi/4.8.3/../../../../arm-atollic-eabi/lib/armv6-m\libc_s.a(lib_a-sbrkr.o)
                                                  e:/programy/truestudio for arm 5.4.0/armtools/bin/../lib/gcc/arm-atollic-eabi/4.8.3/../../../../arm-atollic-eabi/lib/armv6-m\libc_s.a(lib_a-nano-mallocr.o)
_sbss                                             src\startup_stm32l053xx.o
_sdata                                            src\startup_stm32l053xx.o
_sidata                                           src\startup_stm32l053xx.o
_stat                                             e:/programy/truestudio for arm 5.4.0/armtools/bin/../lib/gcc/arm-atollic-eabi/4.8.3/../../../../arm-atollic-eabi/lib/armv6-m\libc_s.a(lib_a-syscalls.o)
_times                                            e:/programy/truestudio for arm 5.4.0/armtools/bin/../lib/gcc/arm-atollic-eabi/4.8.3/../../../../arm-atollic-eabi/lib/armv6-m\libc_s.a(lib_a-syscalls.o)
_unlink                                           e:/programy/truestudio for arm 5.4.0/armtools/bin/../lib/gcc/arm-atollic-eabi/4.8.3/../../../../arm-atollic-eabi/lib/armv6-m\libc_s.a(lib_a-syscalls.o)
_wait                                             e:/programy/truestudio for arm 5.4.0/armtools/bin/../lib/gcc/arm-atollic-eabi/4.8.3/../../../../arm-atollic-eabi/lib/armv6-m\libc_s.a(lib_a-syscalls.o)
_write                                            e:/programy/truestudio for arm 5.4.0/armtools/bin/../lib/gcc/arm-atollic-eabi/4.8.3/../../../../arm-atollic-eabi/lib/armv6-m\libc_s.a(lib_a-syscalls.o)
                                                  src\tiny_printf.o
cleanup_glue                                      e:/programy/truestudio for arm 5.4.0/armtools/bin/../lib/gcc/arm-atollic-eabi/4.8.3/../../../../arm-atollic-eabi/lib/armv6-m\libc_s.a(lib_a-reent.o)
counter                                           src\main.o
ee_EraseEEPROM                                    Library\src\ee.o
ee_VerifyEEPROM                                   Library\src\ee.o
end                                               e:/programy/truestudio for arm 5.4.0/armtools/bin/../lib/gcc/arm-atollic-eabi/4.8.3/../../../../arm-atollic-eabi/lib/armv6-m\libc_s.a(lib_a-syscalls.o)
environ                                           e:/programy/truestudio for arm 5.4.0/armtools/bin/../lib/gcc/arm-atollic-eabi/4.8.3/../../../../arm-atollic-eabi/lib/armv6-m\libc_s.a(lib_a-syscalls.o)
errno                                             e:/programy/truestudio for arm 5.4.0/armtools/bin/../lib/gcc/arm-atollic-eabi/4.8.3/../../../../arm-atollic-eabi/lib/armv6-m\libc_s.a(lib_a-sbrkr.o)
                                                  e:/programy/truestudio for arm 5.4.0/armtools/bin/../lib/gcc/arm-atollic-eabi/4.8.3/../../../../arm-atollic-eabi/lib/armv6-m\libc_s.a(lib_a-reent.o)
                                                  e:/programy/truestudio for arm 5.4.0/armtools/bin/../lib/gcc/arm-atollic-eabi/4.8.3/../../../../arm-atollic-eabi/lib/armv6-m\libc_s.a(lib_a-syscalls.o)
error                                             src\main.o
fiprintf                                          src\tiny_printf.o
fprintf                                           src\tiny_printf.o
fputs                                             src\tiny_printf.o
fwrite                                            src\tiny_printf.o
g_pfnVectors                                      src\startup_stm32l053xx.o
initialise_monitor_handles                        e:/programy/truestudio for arm 5.4.0/armtools/bin/../lib/gcc/arm-atollic-eabi/4.8.3/../../../../arm-atollic-eabi/lib/armv6-m\libc_s.a(lib_a-syscalls.o)
iprintf                                           src\tiny_printf.o
led__data_s                                       Library\src\led.o
main                                              src\main.o
                                                  src\startup_stm32l053xx.o
printf                                            src\tiny_printf.o
puts                                              src\tiny_printf.o
siprintf                                          src\tiny_printf.o
sprintf                                           src\tiny_printf.o
                                                  Library\src\uart.o
stringtoreceive                                   Library\src\uart.o
stringtosend                                      Library\src\uart.o
strlen                                            e:/programy/truestudio for arm 5.4.0/armtools/bin/../lib/gcc/arm-atollic-eabi/4.8.3/../../../../arm-atollic-eabi/lib/armv6-m\libc_s.a(lib_a-strlen.o)
                                                  src\tiny_printf.o
timer__data_u                                     Library\src\adc.o
                                                  Library\src\timer.o
                                                  src\main.o
ts_formatlength                                   src\tiny_printf.o
ts_formatstring                                   src\tiny_printf.o
ts_itoa                                           src\tiny_printf.o
