Archive member included because of file (symbol)

e:/programy/truestudio for arm 5.4.0/armtools/bin/../lib/gcc/arm-atollic-eabi/4.8.3/../../../../arm-atollic-eabi/lib/armv6-m\libc_s.a(lib_a-init.o)
                              src\startup_stm32l053xx.o (__libc_init_array)
e:/programy/truestudio for arm 5.4.0/armtools/bin/../lib/gcc/arm-atollic-eabi/4.8.3/../../../../arm-atollic-eabi/lib/armv6-m\libc_s.a(lib_a-strlen.o)
                              src\tiny_printf.o (strlen)
e:/programy/truestudio for arm 5.4.0/armtools/bin/../lib/gcc/arm-atollic-eabi/4.8.3/../../../../arm-atollic-eabi/lib/armv6-m\libc_s.a(lib_a-syscalls.o)
                              src\tiny_printf.o (_write)
e:/programy/truestudio for arm 5.4.0/armtools/bin/../lib/gcc/arm-atollic-eabi/4.8.3/../../../../arm-atollic-eabi/lib/armv6-m\libc_s.a(lib_a-reent.o)
                              e:/programy/truestudio for arm 5.4.0/armtools/bin/../lib/gcc/arm-atollic-eabi/4.8.3/../../../../arm-atollic-eabi/lib/armv6-m\libc_s.a(lib_a-syscalls.o) (errno)
e:/programy/truestudio for arm 5.4.0/armtools/bin/../lib/gcc/arm-atollic-eabi/4.8.3/../../../../arm-atollic-eabi/lib/armv6-m\libc_s.a(lib_a-impure.o)
                              e:/programy/truestudio for arm 5.4.0/armtools/bin/../lib/gcc/arm-atollic-eabi/4.8.3/../../../../arm-atollic-eabi/lib/armv6-m\libc_s.a(lib_a-reent.o) (_impure_ptr)
e:/programy/truestudio for arm 5.4.0/armtools/bin/../lib/gcc/arm-atollic-eabi/4.8.3/../../../../arm-atollic-eabi/lib/armv6-m\libc_s.a(lib_a-nano-freer.o)
                              e:/programy/truestudio for arm 5.4.0/armtools/bin/../lib/gcc/arm-atollic-eabi/4.8.3/../../../../arm-atollic-eabi/lib/armv6-m\libc_s.a(lib_a-reent.o) (_free_r)
e:/programy/truestudio for arm 5.4.0/armtools/bin/../lib/gcc/arm-atollic-eabi/4.8.3/../../../../arm-atollic-eabi/lib/armv6-m\libc_s.a(lib_a-nano-mallocr.o)
                              e:/programy/truestudio for arm 5.4.0/armtools/bin/../lib/gcc/arm-atollic-eabi/4.8.3/../../../../arm-atollic-eabi/lib/armv6-m\libc_s.a(lib_a-nano-freer.o) (__malloc_free_list)
e:/programy/truestudio for arm 5.4.0/armtools/bin/../lib/gcc/arm-atollic-eabi/4.8.3/../../../../arm-atollic-eabi/lib/armv6-m\libc_s.a(lib_a-sbrkr.o)
                              e:/programy/truestudio for arm 5.4.0/armtools/bin/../lib/gcc/arm-atollic-eabi/4.8.3/../../../../arm-atollic-eabi/lib/armv6-m\libc_s.a(lib_a-nano-mallocr.o) (_sbrk_r)
e:/programy/truestudio for arm 5.4.0/armtools/bin/../lib/gcc/arm-atollic-eabi/4.8.3/armv6-m\libgcc.a(_udivsi3.o)
                              src\tiny_printf.o (__aeabi_uidiv)
e:/programy/truestudio for arm 5.4.0/armtools/bin/../lib/gcc/arm-atollic-eabi/4.8.3/armv6-m\libgcc.a(_divsi3.o)
                              src\tiny_printf.o (__aeabi_idiv)
e:/programy/truestudio for arm 5.4.0/armtools/bin/../lib/gcc/arm-atollic-eabi/4.8.3/armv6-m\libgcc.a(_dvmd_tls.o)
                              e:/programy/truestudio for arm 5.4.0/armtools/bin/../lib/gcc/arm-atollic-eabi/4.8.3/armv6-m\libgcc.a(_udivsi3.o) (__aeabi_idiv0)

Allocating common symbols
Common symbol       size              file

uart__txBuffer_t    0x10e             Library\src\uart.o
temperature_C       0x4               Library\src\adc.o
errno               0x4               e:/programy/truestudio for arm 5.4.0/armtools/bin/../lib/gcc/arm-atollic-eabi/4.8.3/../../../../arm-atollic-eabi/lib/armv6-m\libc_s.a(lib_a-reent.o)
uart__rxBuffer_t    0x10e             Library\src\uart.o
uart__rxValue       0x108             Library\src\uart.o
LSI_measured_frequency
                    0x2               Library\src\rtc.o
led__data_s         0x4               Library\src\led.o

Discarded input sections

 .text          0x00000000        0x0 e:/programy/truestudio for arm 5.4.0/armtools/bin/../lib/gcc/arm-atollic-eabi/4.8.3/armv6-m/crti.o
 .data          0x00000000        0x0 e:/programy/truestudio for arm 5.4.0/armtools/bin/../lib/gcc/arm-atollic-eabi/4.8.3/armv6-m/crti.o
 .bss           0x00000000        0x0 e:/programy/truestudio for arm 5.4.0/armtools/bin/../lib/gcc/arm-atollic-eabi/4.8.3/armv6-m/crti.o
 .data          0x00000000        0x4 e:/programy/truestudio for arm 5.4.0/armtools/bin/../lib/gcc/arm-atollic-eabi/4.8.3/armv6-m/crtbegin.o
 .text          0x00000000        0x0 src\tiny_printf.o
 .data          0x00000000        0x0 src\tiny_printf.o
 .bss           0x00000000        0x0 src\tiny_printf.o
 .text.ts_itoa  0x00000000       0x98 src\tiny_printf.o
 .text.ts_formatstring
                0x00000000      0x134 src\tiny_printf.o
 .text.ts_formatlength
                0x00000000       0xa8 src\tiny_printf.o
 .rodata.ts_formatlength
                0x00000000       0x84 src\tiny_printf.o
 .text.siprintf
                0x00000000       0x34 src\tiny_printf.o
 .text.fiprintf
                0x00000000       0xb8 src\tiny_printf.o
 .text.iprintf  0x00000000       0xb0 src\tiny_printf.o
 .rodata        0x00000000        0x4 src\tiny_printf.o
 .text.fputs    0x00000000       0x70 src\tiny_printf.o
 .text.puts     0x00000000       0x64 src\tiny_printf.o
 .text.fwrite   0x00000000       0x3c src\tiny_printf.o
 .debug_info    0x00000000      0xbc2 src\tiny_printf.o
 .debug_abbrev  0x00000000      0x248 src\tiny_printf.o
 .debug_aranges
                0x00000000       0x60 src\tiny_printf.o
 .debug_ranges  0x00000000       0x50 src\tiny_printf.o
 .debug_line    0x00000000      0x296 src\tiny_printf.o
 .debug_str     0x00000000      0x5ed src\tiny_printf.o
 .comment       0x00000000       0x83 src\tiny_printf.o
 .ARM.attributes
                0x00000000       0x32 src\tiny_printf.o
 .debug_frame   0x00000000      0x140 src\tiny_printf.o
 .text          0x00000000        0x0 src\system_stm32l0xx.o
 .data          0x00000000        0x0 src\system_stm32l0xx.o
 .bss           0x00000000        0x0 src\system_stm32l0xx.o
 .text          0x00000000       0x14 src\startup_stm32l053xx.o
 .data          0x00000000        0x0 src\startup_stm32l053xx.o
 .bss           0x00000000        0x0 src\startup_stm32l053xx.o
 .text          0x00000000        0x0 src\main.o
 .data          0x00000000        0x0 src\main.o
 .bss           0x00000000        0x0 src\main.o
 .text          0x00000000        0x0 Library\src\uart.o
 .data          0x00000000        0x0 Library\src\uart.o
 .bss           0x00000000        0x0 Library\src\uart.o
 .bss.uart__status_u
                0x00000000        0x4 Library\src\uart.o
 .bss.uart__trySendData_u
                0x00000000        0x4 Library\src\uart.o
 .bss.uart__sendData_u
                0x00000000        0x4 Library\src\uart.o
 .bss.uart__txDataCnt
                0x00000000        0x2 Library\src\uart.o
 .bss.uart__txDataToSend
                0x00000000        0x2 Library\src\uart.o
 .bss.uart__rxId
                0x00000000        0x1 Library\src\uart.o
 .bss.uart__rxCnt
                0x00000000        0x2 Library\src\uart.o
 .bss.uart__rxLen
                0x00000000        0x2 Library\src\uart.o
 .bss.uart__rxTimeout
                0x00000000        0x2 Library\src\uart.o
 .bss.uart__retransmisionCnt
                0x00000000        0x1 Library\src\uart.o
 .bss.uart__retransmisionTime
                0x00000000        0x2 Library\src\uart.o
 .text.uart__TxData
                0x00000000       0x1c Library\src\uart.o
 .bss.uart__IDReport
                0x00000000        0x4 Library\src\uart.o
 .text.UART__SendIDReport
                0x00000000       0x2c Library\src\uart.o
 .bss.uart__ACK
                0x00000000        0x4 Library\src\uart.o
 .text.UART__SendACK
                0x00000000       0x2c Library\src\uart.o
 .bss.uart__NACK
                0x00000000        0x4 Library\src\uart.o
 .text.UART__SendNACK
                0x00000000       0x2c Library\src\uart.o
 .bss.uart__IDLE
                0x00000000        0x4 Library\src\uart.o
 .text.UART__SendIDLE
                0x00000000       0x18 Library\src\uart.o
 .bss.uart__ERROR
                0x00000000        0x4 Library\src\uart.o
 .text.UART__SendERROR
                0x00000000       0x2c Library\src\uart.o
 .bss.uart__BUSY
                0x00000000        0x4 Library\src\uart.o
 .text.UART__SendBUSY
                0x00000000       0x18 Library\src\uart.o
 .text.UART__TransmitData
                0x00000000       0x40 Library\src\uart.o
 .text.uart__SetSendData
                0x00000000       0xa0 Library\src\uart.o
 .text.UART__Init
                0x00000000       0x10 Library\src\uart.o
 .text.UART__Start
                0x00000000        0x8 Library\src\uart.o
 .text.UART__Stop
                0x00000000       0x1c Library\src\uart.o
 .text.UART__ReceivedDataGetFlag
                0x00000000       0x34 Library\src\uart.o
 .text.UART__TxBusyResetFlag
                0x00000000       0x18 Library\src\uart.o
 .text.UART__TxBusySetFlag
                0x00000000       0x18 Library\src\uart.o
 .text.UART__Poll
                0x00000000        0x8 Library\src\uart.o
 .text.UART__Tick
                0x00000000        0x8 Library\src\uart.o
 .text.UART__RxInterrupt
                0x00000000       0x14 Library\src\uart.o
 .text.UART__TxInterrupt
                0x00000000        0x8 Library\src\uart.o
 .text.UART__CheckSendData
                0x00000000       0x44 Library\src\uart.o
 .text.UART__CheckReceive
                0x00000000       0x28 Library\src\uart.o
 .debug_info    0x00000000      0x88c Library\src\uart.o
 .debug_abbrev  0x00000000      0x1fc Library\src\uart.o
 .debug_aranges
                0x00000000       0xc0 Library\src\uart.o
 .debug_ranges  0x00000000       0xb0 Library\src\uart.o
 .debug_line    0x00000000      0x227 Library\src\uart.o
 .debug_str     0x00000000      0x519 Library\src\uart.o
 .comment       0x00000000       0x83 Library\src\uart.o
 .ARM.attributes
                0x00000000       0x32 Library\src\uart.o
 .debug_frame   0x00000000      0x27c Library\src\uart.o
 COMMON         0x00000000      0x328 Library\src\uart.o
 .text          0x00000000        0x0 Library\src\timer.o
 .data          0x00000000        0x0 Library\src\timer.o
 .bss           0x00000000        0x0 Library\src\timer.o
 .bss.timer__data_u
                0x00000000        0x4 Library\src\timer.o
 .text.TIMER__InitClk
                0x00000000        0x8 Library\src\timer.o
 .text.TIMER__DelayMs
                0x00000000       0x24 Library\src\timer.o
 .text.TIMER__Delay10us
                0x00000000       0x24 Library\src\timer.o
 .text.TIMER__InitSystemTimer
                0x00000000        0x8 Library\src\timer.o
 .text.TIMER__InitInterruptTim4Isr
                0x00000000        0x8 Library\src\timer.o
 .text.TIMER__Poll
                0x00000000        0x8 Library\src\timer.o
 .text.TIMER__GetStatus
                0x00000000       0x14 Library\src\timer.o
 .text.TIMER__SetFlag
                0x00000000       0x4c Library\src\timer.o
 .debug_info    0x00000000      0x1e5 Library\src\timer.o
 .debug_abbrev  0x00000000      0x122 Library\src\timer.o
 .debug_aranges
                0x00000000       0x58 Library\src\timer.o
 .debug_ranges  0x00000000       0x48 Library\src\timer.o
 .debug_line    0x00000000      0x21a Library\src\timer.o
 .debug_str     0x00000000      0x28d Library\src\timer.o
 .comment       0x00000000       0x83 Library\src\timer.o
 .ARM.attributes
                0x00000000       0x32 Library\src\timer.o
 .debug_frame   0x00000000       0xfc Library\src\timer.o
 .text          0x00000000        0x0 Library\src\system.o
 .data          0x00000000        0x0 Library\src\system.o
 .bss           0x00000000        0x0 Library\src\system.o
 .text          0x00000000        0x0 Library\src\state_machine.o
 .data          0x00000000        0x0 Library\src\state_machine.o
 .bss           0x00000000        0x0 Library\src\state_machine.o
 .bss.currentSTATE
                0x00000000        0x1 Library\src\state_machine.o
 .text.STATEMACHINE__PollFunction
                0x00000000       0x50 Library\src\state_machine.o
 .rodata.STATEMACHINE__PollFunction
                0x00000000       0x1c Library\src\state_machine.o
 .debug_info    0x00000000       0x84 Library\src\state_machine.o
 .debug_abbrev  0x00000000       0x5c Library\src\state_machine.o
 .debug_aranges
                0x00000000       0x20 Library\src\state_machine.o
 .debug_ranges  0x00000000       0x10 Library\src\state_machine.o
 .debug_line    0x00000000       0xbb Library\src\state_machine.o
 .debug_str     0x00000000      0x1e2 Library\src\state_machine.o
 .comment       0x00000000       0x83 Library\src\state_machine.o
 .ARM.attributes
                0x00000000       0x32 Library\src\state_machine.o
 .debug_frame   0x00000000       0x2c Library\src\state_machine.o
 .text          0x00000000        0x0 Library\src\rtc.o
 .data          0x00000000        0x0 Library\src\rtc.o
 .bss           0x00000000        0x0 Library\src\rtc.o
 .bss.RTC__status
                0x00000000        0x4 Library\src\rtc.o
 .text.lsi__calibration
                0x00000000        0x8 Library\src\rtc.o
 .text.RTC__Init
                0x00000000        0xc Library\src\rtc.o
 .text.RTC__Set_Wakeup
                0x00000000       0x10 Library\src\rtc.o
 .text.RTC__Set_Alarm
                0x00000000       0x10 Library\src\rtc.o
 .text.RTC__Disable_Wakeup
                0x00000000        0x8 Library\src\rtc.o
 .text.RTC__Interrupt_Routine
                0x00000000        0x8 Library\src\rtc.o
 .debug_info    0x00000000      0x164 Library\src\rtc.o
 .debug_abbrev  0x00000000       0xef Library\src\rtc.o
 .debug_aranges
                0x00000000       0x48 Library\src\rtc.o
 .debug_ranges  0x00000000       0x38 Library\src\rtc.o
 .debug_line    0x00000000       0xec Library\src\rtc.o
 .debug_str     0x00000000      0x22c Library\src\rtc.o
 .comment       0x00000000       0x83 Library\src\rtc.o
 .ARM.attributes
                0x00000000       0x32 Library\src\rtc.o
 .debug_frame   0x00000000       0xc0 Library\src\rtc.o
 COMMON         0x00000000        0x2 Library\src\rtc.o
 .text          0x00000000        0x0 Library\src\led.o
 .data          0x00000000        0x0 Library\src\led.o
 .bss           0x00000000        0x0 Library\src\led.o
 .bss.LEDColour
                0x00000000        0x1 Library\src\led.o
 .text.LED__Init
                0x00000000        0x8 Library\src\led.o
 .text.LED__RGB
                0x00000000       0xcc Library\src\led.o
 .text.LED__Poll
                0x00000000        0x8 Library\src\led.o
 .text.LED__GetLedRedDuty
                0x00000000       0x14 Library\src\led.o
 .text.LED__GetLedGreenDuty
                0x00000000       0x14 Library\src\led.o
 .text.LED__GetLedBlueDuty
                0x00000000       0x14 Library\src\led.o
 .debug_info    0x00000000      0x1a8 Library\src\led.o
 .debug_abbrev  0x00000000       0xf9 Library\src\led.o
 .debug_aranges
                0x00000000       0x48 Library\src\led.o
 .debug_ranges  0x00000000       0x38 Library\src\led.o
 .debug_line    0x00000000      0x132 Library\src\led.o
 .debug_str     0x00000000      0x248 Library\src\led.o
 .comment       0x00000000       0x83 Library\src\led.o
 .ARM.attributes
                0x00000000       0x32 Library\src\led.o
 .debug_frame   0x00000000       0xbc Library\src\led.o
 COMMON         0x00000000        0x4 Library\src\led.o
 .text          0x00000000        0x0 Library\src\gpio.o
 .data          0x00000000        0x0 Library\src\gpio.o
 .bss           0x00000000        0x0 Library\src\gpio.o
 .text.GPIO__ConfigUART
                0x00000000       0x14 Library\src\gpio.o
 .text.GPIO__ConfigLedR
                0x00000000       0x14 Library\src\gpio.o
 .text.GPIO__ConfigLedG
                0x00000000       0x14 Library\src\gpio.o
 .text.GPIO__ConfigLedB
                0x00000000       0x14 Library\src\gpio.o
 .text          0x00000000        0x0 Library\src\ee.o
 .data          0x00000000        0x0 Library\src\ee.o
 .bss           0x00000000        0x0 Library\src\ee.o
 .bss.ee__data_s
                0x00000000        0x4 Library\src\ee.o
 .text.EE__Init
                0x00000000        0x8 Library\src\ee.o
 .text.EE_GetEeVrefValue
                0x00000000        0xc Library\src\ee.o
 .text.EE__Unlock
                0x00000000        0x8 Library\src\ee.o
 .text.EE__Lock
                0x00000000        0x8 Library\src\ee.o
 .text.EE__ReadByte
                0x00000000       0x14 Library\src\ee.o
 .text.EE__ReadHalfWord
                0x00000000       0x14 Library\src\ee.o
 .text.EE__ReadWord
                0x00000000       0x14 Library\src\ee.o
 .text.EE__WriteByte
                0x00000000       0x18 Library\src\ee.o
 .text.EE__WriteHalfWord
                0x00000000       0x18 Library\src\ee.o
 .text.EE__WriteWord
                0x00000000       0x14 Library\src\ee.o
 .text.ee_EraseEEPROM
                0x00000000       0x14 Library\src\ee.o
 .text.ee_VerifyEEPROM
                0x00000000       0x14 Library\src\ee.o
 .debug_info    0x00000000      0x242 Library\src\ee.o
 .debug_abbrev  0x00000000       0xe4 Library\src\ee.o
 .debug_aranges
                0x00000000       0x78 Library\src\ee.o
 .debug_ranges  0x00000000       0x68 Library\src\ee.o
 .debug_line    0x00000000      0x152 Library\src\ee.o
 .debug_str     0x00000000      0x227 Library\src\ee.o
 .comment       0x00000000       0x83 Library\src\ee.o
 .ARM.attributes
                0x00000000       0x32 Library\src\ee.o
 .debug_frame   0x00000000      0x180 Library\src\ee.o
 .text          0x00000000        0x0 Library\src\device.o
 .data          0x00000000        0x0 Library\src\device.o
 .bss           0x00000000        0x0 Library\src\device.o
 .text.device__MenuEngine
                0x00000000        0x8 Library\src\device.o
 .text.DEVICE__MENU
                0x00000000        0x8 Library\src\device.o
 .text.DEVICE__SleepPoll
                0x00000000        0x8 Library\src\device.o
 .text.DEVICE__ResetSTM
                0x00000000        0x8 Library\src\device.o
 .debug_info    0x00000000       0x6a Library\src\device.o
 .debug_abbrev  0x00000000       0x42 Library\src\device.o
 .debug_aranges
                0x00000000       0x38 Library\src\device.o
 .debug_ranges  0x00000000       0x28 Library\src\device.o
 .debug_line    0x00000000       0x7a Library\src\device.o
 .debug_str     0x00000000      0x137 Library\src\device.o
 .comment       0x00000000       0x83 Library\src\device.o
 .ARM.attributes
                0x00000000       0x32 Library\src\device.o
 .debug_frame   0x00000000       0x80 Library\src\device.o
 .text          0x00000000        0x0 Library\src\button_engine.o
 .data          0x00000000        0x0 Library\src\button_engine.o
 .bss           0x00000000        0x0 Library\src\button_engine.o
 .text.BUTTON__Init
                0x00000000        0x8 Library\src\button_engine.o
 .debug_info    0x00000000       0x37 Library\src\button_engine.o
 .debug_abbrev  0x00000000       0x2c Library\src\button_engine.o
 .debug_aranges
                0x00000000       0x20 Library\src\button_engine.o
 .debug_ranges  0x00000000       0x10 Library\src\button_engine.o
 .debug_line    0x00000000       0x4f Library\src\button_engine.o
 .debug_str     0x00000000      0x108 Library\src\button_engine.o
 .comment       0x00000000       0x83 Library\src\button_engine.o
 .ARM.attributes
                0x00000000       0x32 Library\src\button_engine.o
 .debug_frame   0x00000000       0x2c Library\src\button_engine.o
 .text          0x00000000        0x0 Library\src\adc.o
 .data          0x00000000        0x0 Library\src\adc.o
 .bss           0x00000000        0x0 Library\src\adc.o
 .bss.adc__data_s
                0x00000000       0x10 Library\src\adc.o
 .text.adc__DummyConversion
                0x00000000       0x18 Library\src\adc.o
 .text.adc__MeasureTemp
                0x00000000        0x8 Library\src\adc.o
 .text.adc__MeasureVref
                0x00000000        0x8 Library\src\adc.o
 .text.ADC__CalcBattery
                0x00000000        0xc Library\src\adc.o
 .text          0x00000000        0x0 e:/programy/truestudio for arm 5.4.0/armtools/bin/../lib/gcc/arm-atollic-eabi/4.8.3/../../../../arm-atollic-eabi/lib/armv6-m\libc_s.a(lib_a-init.o)
 .data          0x00000000        0x0 e:/programy/truestudio for arm 5.4.0/armtools/bin/../lib/gcc/arm-atollic-eabi/4.8.3/../../../../arm-atollic-eabi/lib/armv6-m\libc_s.a(lib_a-init.o)
 .bss           0x00000000        0x0 e:/programy/truestudio for arm 5.4.0/armtools/bin/../lib/gcc/arm-atollic-eabi/4.8.3/../../../../arm-atollic-eabi/lib/armv6-m\libc_s.a(lib_a-init.o)
 .text          0x00000000        0x0 e:/programy/truestudio for arm 5.4.0/armtools/bin/../lib/gcc/arm-atollic-eabi/4.8.3/../../../../arm-atollic-eabi/lib/armv6-m\libc_s.a(lib_a-strlen.o)
 .data          0x00000000        0x0 e:/programy/truestudio for arm 5.4.0/armtools/bin/../lib/gcc/arm-atollic-eabi/4.8.3/../../../../arm-atollic-eabi/lib/armv6-m\libc_s.a(lib_a-strlen.o)
 .bss           0x00000000        0x0 e:/programy/truestudio for arm 5.4.0/armtools/bin/../lib/gcc/arm-atollic-eabi/4.8.3/../../../../arm-atollic-eabi/lib/armv6-m\libc_s.a(lib_a-strlen.o)
 .text.strlen   0x00000000        0xe e:/programy/truestudio for arm 5.4.0/armtools/bin/../lib/gcc/arm-atollic-eabi/4.8.3/../../../../arm-atollic-eabi/lib/armv6-m\libc_s.a(lib_a-strlen.o)
 .ARM.attributes
                0x00000000       0x2c e:/programy/truestudio for arm 5.4.0/armtools/bin/../lib/gcc/arm-atollic-eabi/4.8.3/../../../../arm-atollic-eabi/lib/armv6-m\libc_s.a(lib_a-strlen.o)
 .debug_frame   0x00000000       0x20 e:/programy/truestudio for arm 5.4.0/armtools/bin/../lib/gcc/arm-atollic-eabi/4.8.3/../../../../arm-atollic-eabi/lib/armv6-m\libc_s.a(lib_a-strlen.o)
 .text          0x00000000        0x0 e:/programy/truestudio for arm 5.4.0/armtools/bin/../lib/gcc/arm-atollic-eabi/4.8.3/../../../../arm-atollic-eabi/lib/armv6-m\libc_s.a(lib_a-syscalls.o)
 .data          0x00000000        0x0 e:/programy/truestudio for arm 5.4.0/armtools/bin/../lib/gcc/arm-atollic-eabi/4.8.3/../../../../arm-atollic-eabi/lib/armv6-m\libc_s.a(lib_a-syscalls.o)
 .bss           0x00000000        0x0 e:/programy/truestudio for arm 5.4.0/armtools/bin/../lib/gcc/arm-atollic-eabi/4.8.3/../../../../arm-atollic-eabi/lib/armv6-m\libc_s.a(lib_a-syscalls.o)
 .text.initialise_monitor_handles
                0x00000000        0x2 e:/programy/truestudio for arm 5.4.0/armtools/bin/../lib/gcc/arm-atollic-eabi/4.8.3/../../../../arm-atollic-eabi/lib/armv6-m\libc_s.a(lib_a-syscalls.o)
 .text._getpid  0x00000000        0x4 e:/programy/truestudio for arm 5.4.0/armtools/bin/../lib/gcc/arm-atollic-eabi/4.8.3/../../../../arm-atollic-eabi/lib/armv6-m\libc_s.a(lib_a-syscalls.o)
 .text._kill    0x00000000       0x10 e:/programy/truestudio for arm 5.4.0/armtools/bin/../lib/gcc/arm-atollic-eabi/4.8.3/../../../../arm-atollic-eabi/lib/armv6-m\libc_s.a(lib_a-syscalls.o)
 .text._exit    0x00000000        0xc e:/programy/truestudio for arm 5.4.0/armtools/bin/../lib/gcc/arm-atollic-eabi/4.8.3/../../../../arm-atollic-eabi/lib/armv6-m\libc_s.a(lib_a-syscalls.o)
 .text._write   0x00000000        0x4 e:/programy/truestudio for arm 5.4.0/armtools/bin/../lib/gcc/arm-atollic-eabi/4.8.3/../../../../arm-atollic-eabi/lib/armv6-m\libc_s.a(lib_a-syscalls.o)
 .text._sbrk    0x00000000       0x34 e:/programy/truestudio for arm 5.4.0/armtools/bin/../lib/gcc/arm-atollic-eabi/4.8.3/../../../../arm-atollic-eabi/lib/armv6-m\libc_s.a(lib_a-syscalls.o)
 .text._close   0x00000000        0x6 e:/programy/truestudio for arm 5.4.0/armtools/bin/../lib/gcc/arm-atollic-eabi/4.8.3/../../../../arm-atollic-eabi/lib/armv6-m\libc_s.a(lib_a-syscalls.o)
 .text._fstat   0x00000000        0xa e:/programy/truestudio for arm 5.4.0/armtools/bin/../lib/gcc/arm-atollic-eabi/4.8.3/../../../../arm-atollic-eabi/lib/armv6-m\libc_s.a(lib_a-syscalls.o)
 .text._isatty  0x00000000        0x4 e:/programy/truestudio for arm 5.4.0/armtools/bin/../lib/gcc/arm-atollic-eabi/4.8.3/../../../../arm-atollic-eabi/lib/armv6-m\libc_s.a(lib_a-syscalls.o)
 .text._lseek   0x00000000        0x4 e:/programy/truestudio for arm 5.4.0/armtools/bin/../lib/gcc/arm-atollic-eabi/4.8.3/../../../../arm-atollic-eabi/lib/armv6-m\libc_s.a(lib_a-syscalls.o)
 .text._read    0x00000000        0x4 e:/programy/truestudio for arm 5.4.0/armtools/bin/../lib/gcc/arm-atollic-eabi/4.8.3/../../../../arm-atollic-eabi/lib/armv6-m\libc_s.a(lib_a-syscalls.o)
 .text._open    0x00000000        0xa e:/programy/truestudio for arm 5.4.0/armtools/bin/../lib/gcc/arm-atollic-eabi/4.8.3/../../../../arm-atollic-eabi/lib/armv6-m\libc_s.a(lib_a-syscalls.o)
 .text._wait    0x00000000       0x10 e:/programy/truestudio for arm 5.4.0/armtools/bin/../lib/gcc/arm-atollic-eabi/4.8.3/../../../../arm-atollic-eabi/lib/armv6-m\libc_s.a(lib_a-syscalls.o)
 .text._unlink  0x00000000       0x10 e:/programy/truestudio for arm 5.4.0/armtools/bin/../lib/gcc/arm-atollic-eabi/4.8.3/../../../../arm-atollic-eabi/lib/armv6-m\libc_s.a(lib_a-syscalls.o)
 .text._times   0x00000000        0x6 e:/programy/truestudio for arm 5.4.0/armtools/bin/../lib/gcc/arm-atollic-eabi/4.8.3/../../../../arm-atollic-eabi/lib/armv6-m\libc_s.a(lib_a-syscalls.o)
 .text._stat    0x00000000        0xa e:/programy/truestudio for arm 5.4.0/armtools/bin/../lib/gcc/arm-atollic-eabi/4.8.3/../../../../arm-atollic-eabi/lib/armv6-m\libc_s.a(lib_a-syscalls.o)
 .text._link    0x00000000       0x10 e:/programy/truestudio for arm 5.4.0/armtools/bin/../lib/gcc/arm-atollic-eabi/4.8.3/../../../../arm-atollic-eabi/lib/armv6-m\libc_s.a(lib_a-syscalls.o)
 .text._fork    0x00000000       0x10 e:/programy/truestudio for arm 5.4.0/armtools/bin/../lib/gcc/arm-atollic-eabi/4.8.3/../../../../arm-atollic-eabi/lib/armv6-m\libc_s.a(lib_a-syscalls.o)
 .text._execve  0x00000000       0x10 e:/programy/truestudio for arm 5.4.0/armtools/bin/../lib/gcc/arm-atollic-eabi/4.8.3/../../../../arm-atollic-eabi/lib/armv6-m\libc_s.a(lib_a-syscalls.o)
 .data.environ  0x00000000        0x4 e:/programy/truestudio for arm 5.4.0/armtools/bin/../lib/gcc/arm-atollic-eabi/4.8.3/../../../../arm-atollic-eabi/lib/armv6-m\libc_s.a(lib_a-syscalls.o)
 .bss.__env     0x00000000        0x4 e:/programy/truestudio for arm 5.4.0/armtools/bin/../lib/gcc/arm-atollic-eabi/4.8.3/../../../../arm-atollic-eabi/lib/armv6-m\libc_s.a(lib_a-syscalls.o)
 .bss.heap_end.5121
                0x00000000        0x4 e:/programy/truestudio for arm 5.4.0/armtools/bin/../lib/gcc/arm-atollic-eabi/4.8.3/../../../../arm-atollic-eabi/lib/armv6-m\libc_s.a(lib_a-syscalls.o)
 .ARM.attributes
                0x00000000       0x2c e:/programy/truestudio for arm 5.4.0/armtools/bin/../lib/gcc/arm-atollic-eabi/4.8.3/../../../../arm-atollic-eabi/lib/armv6-m\libc_s.a(lib_a-syscalls.o)
 .debug_frame   0x00000000      0x144 e:/programy/truestudio for arm 5.4.0/armtools/bin/../lib/gcc/arm-atollic-eabi/4.8.3/../../../../arm-atollic-eabi/lib/armv6-m\libc_s.a(lib_a-syscalls.o)
 .text          0x00000000        0x0 e:/programy/truestudio for arm 5.4.0/armtools/bin/../lib/gcc/arm-atollic-eabi/4.8.3/../../../../arm-atollic-eabi/lib/armv6-m\libc_s.a(lib_a-reent.o)
 .data          0x00000000        0x0 e:/programy/truestudio for arm 5.4.0/armtools/bin/../lib/gcc/arm-atollic-eabi/4.8.3/../../../../arm-atollic-eabi/lib/armv6-m\libc_s.a(lib_a-reent.o)
 .bss           0x00000000        0x0 e:/programy/truestudio for arm 5.4.0/armtools/bin/../lib/gcc/arm-atollic-eabi/4.8.3/../../../../arm-atollic-eabi/lib/armv6-m\libc_s.a(lib_a-reent.o)
 .text.cleanup_glue
                0x00000000       0x1a e:/programy/truestudio for arm 5.4.0/armtools/bin/../lib/gcc/arm-atollic-eabi/4.8.3/../../../../arm-atollic-eabi/lib/armv6-m\libc_s.a(lib_a-reent.o)
 .text._reclaim_reent
                0x00000000       0xcc e:/programy/truestudio for arm 5.4.0/armtools/bin/../lib/gcc/arm-atollic-eabi/4.8.3/../../../../arm-atollic-eabi/lib/armv6-m\libc_s.a(lib_a-reent.o)
 .ARM.attributes
                0x00000000       0x2c e:/programy/truestudio for arm 5.4.0/armtools/bin/../lib/gcc/arm-atollic-eabi/4.8.3/../../../../arm-atollic-eabi/lib/armv6-m\libc_s.a(lib_a-reent.o)
 .debug_frame   0x00000000       0x48 e:/programy/truestudio for arm 5.4.0/armtools/bin/../lib/gcc/arm-atollic-eabi/4.8.3/../../../../arm-atollic-eabi/lib/armv6-m\libc_s.a(lib_a-reent.o)
 COMMON         0x00000000        0x4 e:/programy/truestudio for arm 5.4.0/armtools/bin/../lib/gcc/arm-atollic-eabi/4.8.3/../../../../arm-atollic-eabi/lib/armv6-m\libc_s.a(lib_a-reent.o)
 .text          0x00000000        0x0 e:/programy/truestudio for arm 5.4.0/armtools/bin/../lib/gcc/arm-atollic-eabi/4.8.3/../../../../arm-atollic-eabi/lib/armv6-m\libc_s.a(lib_a-impure.o)
 .data          0x00000000        0x0 e:/programy/truestudio for arm 5.4.0/armtools/bin/../lib/gcc/arm-atollic-eabi/4.8.3/../../../../arm-atollic-eabi/lib/armv6-m\libc_s.a(lib_a-impure.o)
 .bss           0x00000000        0x0 e:/programy/truestudio for arm 5.4.0/armtools/bin/../lib/gcc/arm-atollic-eabi/4.8.3/../../../../arm-atollic-eabi/lib/armv6-m\libc_s.a(lib_a-impure.o)
 .data.impure_data
                0x00000000       0x60 e:/programy/truestudio for arm 5.4.0/armtools/bin/../lib/gcc/arm-atollic-eabi/4.8.3/../../../../arm-atollic-eabi/lib/armv6-m\libc_s.a(lib_a-impure.o)
 .data._impure_ptr
                0x00000000        0x4 e:/programy/truestudio for arm 5.4.0/armtools/bin/../lib/gcc/arm-atollic-eabi/4.8.3/../../../../arm-atollic-eabi/lib/armv6-m\libc_s.a(lib_a-impure.o)
 .rodata.str1.1
                0x00000000        0x2 e:/programy/truestudio for arm 5.4.0/armtools/bin/../lib/gcc/arm-atollic-eabi/4.8.3/../../../../arm-atollic-eabi/lib/armv6-m\libc_s.a(lib_a-impure.o)
 .rodata._global_impure_ptr
                0x00000000        0x4 e:/programy/truestudio for arm 5.4.0/armtools/bin/../lib/gcc/arm-atollic-eabi/4.8.3/../../../../arm-atollic-eabi/lib/armv6-m\libc_s.a(lib_a-impure.o)
 .ARM.attributes
                0x00000000       0x2c e:/programy/truestudio for arm 5.4.0/armtools/bin/../lib/gcc/arm-atollic-eabi/4.8.3/../../../../arm-atollic-eabi/lib/armv6-m\libc_s.a(lib_a-impure.o)
 .text          0x00000000        0x0 e:/programy/truestudio for arm 5.4.0/armtools/bin/../lib/gcc/arm-atollic-eabi/4.8.3/../../../../arm-atollic-eabi/lib/armv6-m\libc_s.a(lib_a-nano-freer.o)
 .data          0x00000000        0x0 e:/programy/truestudio for arm 5.4.0/armtools/bin/../lib/gcc/arm-atollic-eabi/4.8.3/../../../../arm-atollic-eabi/lib/armv6-m\libc_s.a(lib_a-nano-freer.o)
 .bss           0x00000000        0x0 e:/programy/truestudio for arm 5.4.0/armtools/bin/../lib/gcc/arm-atollic-eabi/4.8.3/../../../../arm-atollic-eabi/lib/armv6-m\libc_s.a(lib_a-nano-freer.o)
 .text._free_r  0x00000000       0x90 e:/programy/truestudio for arm 5.4.0/armtools/bin/../lib/gcc/arm-atollic-eabi/4.8.3/../../../../arm-atollic-eabi/lib/armv6-m\libc_s.a(lib_a-nano-freer.o)
 .ARM.attributes
                0x00000000       0x2c e:/programy/truestudio for arm 5.4.0/armtools/bin/../lib/gcc/arm-atollic-eabi/4.8.3/../../../../arm-atollic-eabi/lib/armv6-m\libc_s.a(lib_a-nano-freer.o)
 .debug_frame   0x00000000       0x2c e:/programy/truestudio for arm 5.4.0/armtools/bin/../lib/gcc/arm-atollic-eabi/4.8.3/../../../../arm-atollic-eabi/lib/armv6-m\libc_s.a(lib_a-nano-freer.o)
 .text          0x00000000        0x0 e:/programy/truestudio for arm 5.4.0/armtools/bin/../lib/gcc/arm-atollic-eabi/4.8.3/../../../../arm-atollic-eabi/lib/armv6-m\libc_s.a(lib_a-nano-mallocr.o)
 .data          0x00000000        0x0 e:/programy/truestudio for arm 5.4.0/armtools/bin/../lib/gcc/arm-atollic-eabi/4.8.3/../../../../arm-atollic-eabi/lib/armv6-m\libc_s.a(lib_a-nano-mallocr.o)
 .bss           0x00000000        0x0 e:/programy/truestudio for arm 5.4.0/armtools/bin/../lib/gcc/arm-atollic-eabi/4.8.3/../../../../arm-atollic-eabi/lib/armv6-m\libc_s.a(lib_a-nano-mallocr.o)
 .text._malloc_r
                0x00000000       0xa8 e:/programy/truestudio for arm 5.4.0/armtools/bin/../lib/gcc/arm-atollic-eabi/4.8.3/../../../../arm-atollic-eabi/lib/armv6-m\libc_s.a(lib_a-nano-mallocr.o)
 .bss.__malloc_sbrk_start
                0x00000000        0x4 e:/programy/truestudio for arm 5.4.0/armtools/bin/../lib/gcc/arm-atollic-eabi/4.8.3/../../../../arm-atollic-eabi/lib/armv6-m\libc_s.a(lib_a-nano-mallocr.o)
 .bss.__malloc_free_list
                0x00000000        0x4 e:/programy/truestudio for arm 5.4.0/armtools/bin/../lib/gcc/arm-atollic-eabi/4.8.3/../../../../arm-atollic-eabi/lib/armv6-m\libc_s.a(lib_a-nano-mallocr.o)
 .ARM.attributes
                0x00000000       0x2c e:/programy/truestudio for arm 5.4.0/armtools/bin/../lib/gcc/arm-atollic-eabi/4.8.3/../../../../arm-atollic-eabi/lib/armv6-m\libc_s.a(lib_a-nano-mallocr.o)
 .debug_frame   0x00000000       0x2c e:/programy/truestudio for arm 5.4.0/armtools/bin/../lib/gcc/arm-atollic-eabi/4.8.3/../../../../arm-atollic-eabi/lib/armv6-m\libc_s.a(lib_a-nano-mallocr.o)
 .text          0x00000000        0x0 e:/programy/truestudio for arm 5.4.0/armtools/bin/../lib/gcc/arm-atollic-eabi/4.8.3/../../../../arm-atollic-eabi/lib/armv6-m\libc_s.a(lib_a-sbrkr.o)
 .data          0x00000000        0x0 e:/programy/truestudio for arm 5.4.0/armtools/bin/../lib/gcc/arm-atollic-eabi/4.8.3/../../../../arm-atollic-eabi/lib/armv6-m\libc_s.a(lib_a-sbrkr.o)
 .bss           0x00000000        0x0 e:/programy/truestudio for arm 5.4.0/armtools/bin/../lib/gcc/arm-atollic-eabi/4.8.3/../../../../arm-atollic-eabi/lib/armv6-m\libc_s.a(lib_a-sbrkr.o)
 .text._sbrk_r  0x00000000       0x24 e:/programy/truestudio for arm 5.4.0/armtools/bin/../lib/gcc/arm-atollic-eabi/4.8.3/../../../../arm-atollic-eabi/lib/armv6-m\libc_s.a(lib_a-sbrkr.o)
 .ARM.attributes
                0x00000000       0x2c e:/programy/truestudio for arm 5.4.0/armtools/bin/../lib/gcc/arm-atollic-eabi/4.8.3/../../../../arm-atollic-eabi/lib/armv6-m\libc_s.a(lib_a-sbrkr.o)
 .debug_frame   0x00000000       0x2c e:/programy/truestudio for arm 5.4.0/armtools/bin/../lib/gcc/arm-atollic-eabi/4.8.3/../../../../arm-atollic-eabi/lib/armv6-m\libc_s.a(lib_a-sbrkr.o)
 .data          0x00000000        0x0 e:/programy/truestudio for arm 5.4.0/armtools/bin/../lib/gcc/arm-atollic-eabi/4.8.3/armv6-m\libgcc.a(_udivsi3.o)
 .bss           0x00000000        0x0 e:/programy/truestudio for arm 5.4.0/armtools/bin/../lib/gcc/arm-atollic-eabi/4.8.3/armv6-m\libgcc.a(_udivsi3.o)
 .data          0x00000000        0x0 e:/programy/truestudio for arm 5.4.0/armtools/bin/../lib/gcc/arm-atollic-eabi/4.8.3/armv6-m\libgcc.a(_divsi3.o)
 .bss           0x00000000        0x0 e:/programy/truestudio for arm 5.4.0/armtools/bin/../lib/gcc/arm-atollic-eabi/4.8.3/armv6-m\libgcc.a(_divsi3.o)
 .data          0x00000000        0x0 e:/programy/truestudio for arm 5.4.0/armtools/bin/../lib/gcc/arm-atollic-eabi/4.8.3/armv6-m\libgcc.a(_dvmd_tls.o)
 .bss           0x00000000        0x0 e:/programy/truestudio for arm 5.4.0/armtools/bin/../lib/gcc/arm-atollic-eabi/4.8.3/armv6-m\libgcc.a(_dvmd_tls.o)
 .text          0x00000000        0x0 e:/programy/truestudio for arm 5.4.0/armtools/bin/../lib/gcc/arm-atollic-eabi/4.8.3/armv6-m/crtend.o
 .data          0x00000000        0x0 e:/programy/truestudio for arm 5.4.0/armtools/bin/../lib/gcc/arm-atollic-eabi/4.8.3/armv6-m/crtend.o
 .bss           0x00000000        0x0 e:/programy/truestudio for arm 5.4.0/armtools/bin/../lib/gcc/arm-atollic-eabi/4.8.3/armv6-m/crtend.o
 .eh_frame      0x00000000        0x4 e:/programy/truestudio for arm 5.4.0/armtools/bin/../lib/gcc/arm-atollic-eabi/4.8.3/armv6-m/crtend.o
 .ARM.attributes
                0x00000000       0x2c e:/programy/truestudio for arm 5.4.0/armtools/bin/../lib/gcc/arm-atollic-eabi/4.8.3/armv6-m/crtend.o
 .text          0x00000000        0x0 e:/programy/truestudio for arm 5.4.0/armtools/bin/../lib/gcc/arm-atollic-eabi/4.8.3/armv6-m/crtn.o
 .data          0x00000000        0x0 e:/programy/truestudio for arm 5.4.0/armtools/bin/../lib/gcc/arm-atollic-eabi/4.8.3/armv6-m/crtn.o
 .bss           0x00000000        0x0 e:/programy/truestudio for arm 5.4.0/armtools/bin/../lib/gcc/arm-atollic-eabi/4.8.3/armv6-m/crtn.o

Memory Configuration

Name             Origin             Length             Attributes
FLASH            0x08000000         0x00010000         xr
RAM              0x20000000         0x00002000         xrw
MEMORY_B1        0x60000000         0x00000000         xr
*default*        0x00000000         0xffffffff

Linker script and memory map

LOAD e:/programy/truestudio for arm 5.4.0/armtools/bin/../lib/gcc/arm-atollic-eabi/4.8.3/armv6-m/crti.o
LOAD e:/programy/truestudio for arm 5.4.0/armtools/bin/../lib/gcc/arm-atollic-eabi/4.8.3/armv6-m/crtbegin.o
LOAD src\tiny_printf.o
LOAD src\system_stm32l0xx.o
LOAD src\startup_stm32l053xx.o
LOAD src\main.o
LOAD Library\src\uart.o
LOAD Library\src\timer.o
LOAD Library\src\system.o
LOAD Library\src\state_machine.o
LOAD Library\src\rtc.o
LOAD Library\src\led.o
LOAD Library\src\gpio.o
LOAD Library\src\ee.o
LOAD Library\src\device.o
LOAD Library\src\button_engine.o
LOAD Library\src\adc.o
START GROUP
LOAD e:/programy/truestudio for arm 5.4.0/armtools/bin/../lib/gcc/arm-atollic-eabi/4.8.3/../../../../arm-atollic-eabi/lib/armv6-m\libc_s.a
LOAD e:/programy/truestudio for arm 5.4.0/armtools/bin/../lib/gcc/arm-atollic-eabi/4.8.3/../../../../arm-atollic-eabi/lib/armv6-m\libm.a
END GROUP
                0x00001000                malloc_getpagesize_P = 0x1000
START GROUP
LOAD e:/programy/truestudio for arm 5.4.0/armtools/bin/../lib/gcc/arm-atollic-eabi/4.8.3/armv6-m\libgcc.a
LOAD e:/programy/truestudio for arm 5.4.0/armtools/bin/../lib/gcc/arm-atollic-eabi/4.8.3/../../../../arm-atollic-eabi/lib/armv6-m\libc.a
END GROUP
LOAD e:/programy/truestudio for arm 5.4.0/armtools/bin/../lib/gcc/arm-atollic-eabi/4.8.3/armv6-m/crtend.o
LOAD e:/programy/truestudio for arm 5.4.0/armtools/bin/../lib/gcc/arm-atollic-eabi/4.8.3/armv6-m/crtn.o
                0x20002000                _estack = 0x20002000
                0x00000000                _Min_Heap_Size = 0x0
                0x00000080                _Min_Stack_Size = 0x80

.isr_vector     0x08000000       0xc0
                0x08000000                . = ALIGN (0x4)
 *(.isr_vector)
 .isr_vector    0x08000000       0xc0 src\startup_stm32l053xx.o
                0x08000000                g_pfnVectors
                0x080000c0                . = ALIGN (0x4)

.text           0x080000c0      0x890
                0x080000c0                . = ALIGN (0x4)
 *(.text)
 .text          0x080000c0       0x48 e:/programy/truestudio for arm 5.4.0/armtools/bin/../lib/gcc/arm-atollic-eabi/4.8.3/armv6-m/crtbegin.o
 .text          0x08000108       0x9c e:/programy/truestudio for arm 5.4.0/armtools/bin/../lib/gcc/arm-atollic-eabi/4.8.3/armv6-m\libgcc.a(_udivsi3.o)
                0x08000108                __aeabi_uidiv
                0x08000108                __udivsi3
                0x08000190                __aeabi_uidivmod
 .text          0x080001a4       0xc0 e:/programy/truestudio for arm 5.4.0/armtools/bin/../lib/gcc/arm-atollic-eabi/4.8.3/armv6-m\libgcc.a(_divsi3.o)
                0x080001a4                __divsi3
                0x080001a4                __aeabi_idiv
                0x08000250                __aeabi_idivmod
 .text          0x08000264        0x4 e:/programy/truestudio for arm 5.4.0/armtools/bin/../lib/gcc/arm-atollic-eabi/4.8.3/armv6-m\libgcc.a(_dvmd_tls.o)
                0x08000264                __aeabi_idiv0
                0x08000264                __aeabi_ldiv0
 *(.text*)
 .text.SystemInit
                0x08000268       0x78 src\system_stm32l0xx.o
                0x08000268                SystemInit
 .text.SystemCoreClockUpdate
                0x080002e0      0x138 src\system_stm32l0xx.o
                0x080002e0                SystemCoreClockUpdate
 .text.Reset_Handler
                0x08000418       0x50 src\startup_stm32l053xx.o
                0x08000418                Reset_Handler
 .text.Default_Handler
                0x08000468        0x2 src\startup_stm32l053xx.o
                0x08000468                DebugMon_Handler
                0x08000468                TSC_IRQHandler
                0x08000468                ADC1_COMP_IRQHandler
                0x08000468                PVD_IRQHandler
                0x08000468                I2C1_IRQHandler
                0x08000468                RCC_CRS_IRQHandler
                0x08000468                SPI1_IRQHandler
                0x08000468                TIM6_DAC_IRQHandler
                0x08000468                EXTI2_3_IRQHandler
                0x08000468                I2C2_IRQHandler
                0x08000468                RTC_IRQHandler
                0x08000468                LCD_IRQHandler
                0x08000468                DMA1_Channel4_5_6_7_IRQHandler
                0x08000468                EXTI4_15_IRQHandler
                0x08000468                DMA1_Channel1_IRQHandler
                0x08000468                Default_Handler
                0x08000468                TIM22_IRQHandler
                0x08000468                EXTI0_1_IRQHandler
                0x08000468                USB_IRQHandler
                0x08000468                SPI2_IRQHandler
                0x08000468                TIM21_IRQHandler
                0x08000468                WWDG_IRQHandler
                0x08000468                TIM2_IRQHandler
                0x08000468                DMA1_Channel2_3_IRQHandler
                0x08000468                USART2_IRQHandler
                0x08000468                FLASH_IRQHandler
                0x08000468                USART1_IRQHandler
                0x08000468                RNG_LPUART1_IRQHandler
                0x08000468                LPTIM1_IRQHandler
 *fill*         0x0800046a        0x2 
 .text.NVIC_SetPriority
                0x0800046c       0xe0 src\main.o
 .text.SysTick_Config
                0x0800054c       0x48 src\main.o
 .text.main     0x08000594       0x74 src\main.o
                0x08000594                main
 .text.NMI_Handler
                0x08000608        0x8 src\main.o
                0x08000608                NMI_Handler
 .text.HardFault_Handler
                0x08000610        0x8 src\main.o
                0x08000610                HardFault_Handler
 .text.SVC_Handler
                0x08000618        0x8 src\main.o
                0x08000618                SVC_Handler
 .text.PendSV_Handler
                0x08000620        0x8 src\main.o
                0x08000620                PendSV_Handler
 .text.SysTick_Handler
                0x08000628       0x14 src\main.o
                0x08000628                SysTick_Handler
 .text.SystemClock_Config
                0x0800063c       0x9c Library\src\system.o
                0x0800063c                SystemClock_Config
 .text.GPIO__Init
                0x080006d8       0x4c Library\src\gpio.o
                0x080006d8                GPIO__Init
 .text.adc__Init
                0x08000724       0xd8 Library\src\adc.o
 .text.adc__ConvertTemperature
                0x080007fc       0x60 Library\src\adc.o
 .text.ADC__DeInit
                0x0800085c       0x48 Library\src\adc.o
                0x0800085c                ADC__DeInit
 .text.ADC__CalcTemperature
                0x080008a4       0x48 Library\src\adc.o
                0x080008a4                ADC__CalcTemperature
 .text.__libc_init_array
                0x080008ec       0x4c e:/programy/truestudio for arm 5.4.0/armtools/bin/../lib/gcc/arm-atollic-eabi/4.8.3/../../../../arm-atollic-eabi/lib/armv6-m\libc_s.a(lib_a-init.o)
                0x080008ec                __libc_init_array
 *(.glue_7)
 .glue_7        0x00000000        0x0 linker stubs
 *(.glue_7t)
 .glue_7t       0x00000000        0x0 linker stubs
 *(.eh_frame)
 .eh_frame      0x08000938        0x0 e:/programy/truestudio for arm 5.4.0/armtools/bin/../lib/gcc/arm-atollic-eabi/4.8.3/armv6-m/crtbegin.o
 *(.init)
 .init          0x08000938        0x4 e:/programy/truestudio for arm 5.4.0/armtools/bin/../lib/gcc/arm-atollic-eabi/4.8.3/armv6-m/crti.o
                0x08000938                _init
 .init          0x0800093c        0x8 e:/programy/truestudio for arm 5.4.0/armtools/bin/../lib/gcc/arm-atollic-eabi/4.8.3/armv6-m/crtn.o
 *(.fini)
 .fini          0x08000944        0x4 e:/programy/truestudio for arm 5.4.0/armtools/bin/../lib/gcc/arm-atollic-eabi/4.8.3/armv6-m/crti.o
                0x08000944                _fini
 .fini          0x08000948        0x8 e:/programy/truestudio for arm 5.4.0/armtools/bin/../lib/gcc/arm-atollic-eabi/4.8.3/armv6-m/crtn.o
                0x08000950                . = ALIGN (0x4)
                0x08000950                _etext = .

.vfp11_veneer   0x08000950        0x0
 .vfp11_veneer  0x00000000        0x0 linker stubs

.v4_bx          0x08000950        0x0
 .v4_bx         0x00000000        0x0 linker stubs

.iplt           0x08000950        0x0
 .iplt          0x00000000        0x0 e:/programy/truestudio for arm 5.4.0/armtools/bin/../lib/gcc/arm-atollic-eabi/4.8.3/armv6-m/crtbegin.o

.rel.dyn        0x08000950        0x0
 .rel.iplt      0x00000000        0x0 e:/programy/truestudio for arm 5.4.0/armtools/bin/../lib/gcc/arm-atollic-eabi/4.8.3/armv6-m/crtbegin.o

.rodata         0x08000950        0x0
                0x08000950                . = ALIGN (0x4)
 *(.rodata)
 *(.rodata*)
                0x08000950                . = ALIGN (0x4)

.ARM.extab
 *(.ARM.extab* .gnu.linkonce.armextab.*)

.ARM            0x08000950        0x0
                0x08000950                __exidx_start = .
 *(.ARM.exidx*)
                0x08000950                __exidx_end = .

.preinit_array  0x08000950        0x0
                0x08000950                PROVIDE (__preinit_array_start, .)
 *(.preinit_array*)
                0x08000950                PROVIDE (__preinit_array_end, .)

.init_array     0x08000950        0x4
                0x08000950                PROVIDE (__init_array_start, .)
 *(SORT(.init_array.*))
 *(.init_array*)
 .init_array    0x08000950        0x4 e:/programy/truestudio for arm 5.4.0/armtools/bin/../lib/gcc/arm-atollic-eabi/4.8.3/armv6-m/crtbegin.o
                0x08000954                PROVIDE (__init_array_end, .)

.fini_array     0x08000954        0x4
                0x08000954                PROVIDE (__fini_array_start, .)
 *(SORT(.fini_array.*))
 *(.fini_array*)
 .fini_array    0x08000954        0x4 e:/programy/truestudio for arm 5.4.0/armtools/bin/../lib/gcc/arm-atollic-eabi/4.8.3/armv6-m/crtbegin.o
                0x08000958                PROVIDE (__fini_array_end, .)
                0x08000958                _sidata = LOADADDR (.data)

.data           0x20000000       0x20 load address 0x08000958
                0x20000000                . = ALIGN (0x4)
                0x20000000                _sdata = .
 *(.data)
 *(.data*)
 .data.SystemCoreClock
                0x20000000        0x4 src\system_stm32l0xx.o
                0x20000000                SystemCoreClock
 .data.AHBPrescTable
                0x20000004       0x10 src\system_stm32l0xx.o
                0x20000004                AHBPrescTable
 .data.PLLMulTable
                0x20000014        0xc src\system_stm32l0xx.o
                0x20000014                PLLMulTable
                0x20000020                . = ALIGN (0x4)
                0x20000020                _edata = .

.igot.plt       0x20000020        0x0 load address 0x08000978
 .igot.plt      0x00000000        0x0 e:/programy/truestudio for arm 5.4.0/armtools/bin/../lib/gcc/arm-atollic-eabi/4.8.3/armv6-m/crtbegin.o
                0x20000020                . = ALIGN (0x4)

.bss            0x20000020       0x24 load address 0x08000978
                0x20000020                _sbss = .
                0x20000020                __bss_start__ = _sbss
 *(.bss)
 .bss           0x20000020       0x1c e:/programy/truestudio for arm 5.4.0/armtools/bin/../lib/gcc/arm-atollic-eabi/4.8.3/armv6-m/crtbegin.o
 *(.bss*)
 .bss.flag_1ms  0x2000003c        0x1 src\main.o
                0x2000003c                flag_1ms
 *fill*         0x2000003d        0x1 
 .bss.counter   0x2000003e        0x2 src\main.o
                0x2000003e                counter
 *(COMMON)
 COMMON         0x20000040        0x4 Library\src\adc.o
                0x20000040                temperature_C
                0x20000044                . = ALIGN (0x4)
                0x20000044                _ebss = .
                0x20000044                __bss_end__ = _ebss

._user_heap_stack
                0x20000044       0x80 load address 0x08000978
                0x20000044                . = ALIGN (0x4)
                0x20000044                PROVIDE (end, .)
                0x20000044                PROVIDE (_end, .)
                0x20000044                . = (. + _Min_Heap_Size)
                0x200000c4                . = (. + _Min_Stack_Size)
 *fill*         0x20000044       0x80 
                0x200000c4                . = ALIGN (0x4)

.memory_b1_text
 *(.mb1text)
 *(.mb1text*)
 *(.mb1rodata)
 *(.mb1rodata*)

/DISCARD/
 libc.a(*)
 libm.a(*)
 libgcc.a(*)

.ARM.attributes
                0x00000000       0x28
 *(.ARM.attributes)
 .ARM.attributes
                0x00000000       0x1e e:/programy/truestudio for arm 5.4.0/armtools/bin/../lib/gcc/arm-atollic-eabi/4.8.3/armv6-m/crti.o
 .ARM.attributes
                0x0000001e       0x2c e:/programy/truestudio for arm 5.4.0/armtools/bin/../lib/gcc/arm-atollic-eabi/4.8.3/armv6-m/crtbegin.o
 .ARM.attributes
                0x0000004a       0x32 src\system_stm32l0xx.o
 .ARM.attributes
                0x0000007c       0x22 src\startup_stm32l053xx.o
 .ARM.attributes
                0x0000009e       0x32 src\main.o
 .ARM.attributes
                0x000000d0       0x32 Library\src\system.o
 .ARM.attributes
                0x00000102       0x32 Library\src\gpio.o
 .ARM.attributes
                0x00000134       0x32 Library\src\adc.o
 .ARM.attributes
                0x00000166       0x2c e:/programy/truestudio for arm 5.4.0/armtools/bin/../lib/gcc/arm-atollic-eabi/4.8.3/../../../../arm-atollic-eabi/lib/armv6-m\libc_s.a(lib_a-init.o)
 .ARM.attributes
                0x00000192       0x1e e:/programy/truestudio for arm 5.4.0/armtools/bin/../lib/gcc/arm-atollic-eabi/4.8.3/armv6-m\libgcc.a(_udivsi3.o)
 .ARM.attributes
                0x000001b0       0x1e e:/programy/truestudio for arm 5.4.0/armtools/bin/../lib/gcc/arm-atollic-eabi/4.8.3/armv6-m\libgcc.a(_divsi3.o)
 .ARM.attributes
                0x000001ce       0x1e e:/programy/truestudio for arm 5.4.0/armtools/bin/../lib/gcc/arm-atollic-eabi/4.8.3/armv6-m\libgcc.a(_dvmd_tls.o)
 .ARM.attributes
                0x000001ec       0x1e e:/programy/truestudio for arm 5.4.0/armtools/bin/../lib/gcc/arm-atollic-eabi/4.8.3/armv6-m/crtn.o
OUTPUT(Robot.elf elf32-littlearm)

.debug_info     0x00000000     0x1343
 .debug_info    0x00000000      0x343 src\system_stm32l0xx.o
 .debug_info    0x00000343       0x82 src\startup_stm32l053xx.o
 .debug_info    0x000003c5      0x522 src\main.o
 .debug_info    0x000008e7      0x27e Library\src\system.o
 .debug_info    0x00000b65      0x340 Library\src\gpio.o
 .debug_info    0x00000ea5      0x49e Library\src\adc.o

.debug_abbrev   0x00000000      0x549
 .debug_abbrev  0x00000000       0xf0 src\system_stm32l0xx.o
 .debug_abbrev  0x000000f0       0x12 src\startup_stm32l053xx.o
 .debug_abbrev  0x00000102      0x165 src\main.o
 .debug_abbrev  0x00000267       0x8e Library\src\system.o
 .debug_abbrev  0x000002f5       0xe1 Library\src\gpio.o
 .debug_abbrev  0x000003d6      0x173 Library\src\adc.o

.debug_aranges  0x00000000      0x160
 .debug_aranges
                0x00000000       0x28 src\system_stm32l0xx.o
 .debug_aranges
                0x00000028       0x28 src\startup_stm32l053xx.o
 .debug_aranges
                0x00000050       0x58 src\main.o
 .debug_aranges
                0x000000a8       0x20 Library\src\system.o
 .debug_aranges
                0x000000c8       0x40 Library\src\gpio.o
 .debug_aranges
                0x00000108       0x58 Library\src\adc.o

.debug_ranges   0x00000000      0x108
 .debug_ranges  0x00000000       0x18 src\system_stm32l0xx.o
 .debug_ranges  0x00000018       0x20 src\startup_stm32l053xx.o
 .debug_ranges  0x00000038       0x48 src\main.o
 .debug_ranges  0x00000080       0x10 Library\src\system.o
 .debug_ranges  0x00000090       0x30 Library\src\gpio.o
 .debug_ranges  0x000000c0       0x48 Library\src\adc.o

.debug_line     0x00000000      0x95d
 .debug_line    0x00000000      0x19b src\system_stm32l0xx.o
 .debug_line    0x0000019b       0x7f src\startup_stm32l053xx.o
 .debug_line    0x0000021a      0x258 src\main.o
 .debug_line    0x00000472      0x165 Library\src\system.o
 .debug_line    0x000005d7      0x187 Library\src\gpio.o
 .debug_line    0x0000075e      0x1ff Library\src\adc.o

.debug_str      0x00000000      0x807
 .debug_str     0x00000000      0x297 src\system_stm32l0xx.o
                                0x2dc (size before relaxing)
 .debug_str     0x00000297      0x2f4 src\main.o
                                0x4ae (size before relaxing)
 .debug_str     0x0000058b       0x6d Library\src\system.o
                                0x282 (size before relaxing)
 .debug_str     0x000005f8       0x6b Library\src\gpio.o
                                0x2e4 (size before relaxing)
 .debug_str     0x00000663      0x1a4 Library\src\adc.o
                                0x3ef (size before relaxing)

.comment        0x00000000       0x82
 .comment       0x00000000       0x82 src\system_stm32l0xx.o
                                 0x83 (size before relaxing)
 .comment       0x00000000       0x83 src\main.o
 .comment       0x00000000       0x83 Library\src\system.o
 .comment       0x00000000       0x83 Library\src\gpio.o
 .comment       0x00000000       0x83 Library\src\adc.o

.debug_frame    0x00000000      0x380
 .debug_frame   0x00000000       0x4c src\system_stm32l0xx.o
 .debug_frame   0x0000004c       0xfc src\main.o
 .debug_frame   0x00000148       0x2c Library\src\system.o
 .debug_frame   0x00000174       0xac Library\src\gpio.o
 .debug_frame   0x00000220       0xf4 Library\src\adc.o
 .debug_frame   0x00000314       0x2c e:/programy/truestudio for arm 5.4.0/armtools/bin/../lib/gcc/arm-atollic-eabi/4.8.3/../../../../arm-atollic-eabi/lib/armv6-m\libc_s.a(lib_a-init.o)
 .debug_frame   0x00000340       0x20 e:/programy/truestudio for arm 5.4.0/armtools/bin/../lib/gcc/arm-atollic-eabi/4.8.3/armv6-m\libgcc.a(_udivsi3.o)
 .debug_frame   0x00000360       0x20 e:/programy/truestudio for arm 5.4.0/armtools/bin/../lib/gcc/arm-atollic-eabi/4.8.3/armv6-m\libgcc.a(_divsi3.o)

Cross Reference Table

Symbol                                            File
ADC1_COMP_IRQHandler                              src\startup_stm32l053xx.o
ADC__CalcBattery                                  Library\src\adc.o
ADC__CalcTemperature                              Library\src\adc.o
                                                  src\main.o
ADC__DeInit                                       Library\src\adc.o
AHBPrescTable                                     src\system_stm32l0xx.o
BUTTON__Init                                      Library\src\button_engine.o
DEVICE__MENU                                      Library\src\device.o
DEVICE__ResetSTM                                  Library\src\device.o
DEVICE__SleepPoll                                 Library\src\device.o
DMA1_Channel1_IRQHandler                          src\startup_stm32l053xx.o
DMA1_Channel2_3_IRQHandler                        src\startup_stm32l053xx.o
DMA1_Channel4_5_6_7_IRQHandler                    src\startup_stm32l053xx.o
DebugMon_Handler                                  src\startup_stm32l053xx.o
Default_Handler                                   src\startup_stm32l053xx.o
EE_GetEeVrefValue                                 Library\src\ee.o
EE__Init                                          Library\src\ee.o
EE__Lock                                          Library\src\ee.o
EE__ReadByte                                      Library\src\ee.o
EE__ReadHalfWord                                  Library\src\ee.o
EE__ReadWord                                      Library\src\ee.o
EE__Unlock                                        Library\src\ee.o
EE__WriteByte                                     Library\src\ee.o
EE__WriteHalfWord                                 Library\src\ee.o
EE__WriteWord                                     Library\src\ee.o
EXTI0_1_IRQHandler                                src\startup_stm32l053xx.o
EXTI2_3_IRQHandler                                src\startup_stm32l053xx.o
EXTI4_15_IRQHandler                               src\startup_stm32l053xx.o
FLASH_IRQHandler                                  src\startup_stm32l053xx.o
GPIO__ConfigLedB                                  Library\src\gpio.o
GPIO__ConfigLedG                                  Library\src\gpio.o
GPIO__ConfigLedR                                  Library\src\gpio.o
GPIO__ConfigUART                                  Library\src\gpio.o
GPIO__Init                                        Library\src\gpio.o
                                                  src\main.o
HardFault_Handler                                 src\main.o
                                                  src\startup_stm32l053xx.o
I2C1_IRQHandler                                   src\startup_stm32l053xx.o
I2C2_IRQHandler                                   src\startup_stm32l053xx.o
LCD_IRQHandler                                    src\startup_stm32l053xx.o
LEDColour                                         Library\src\led.o
LED__GetLedBlueDuty                               Library\src\led.o
LED__GetLedGreenDuty                              Library\src\led.o
LED__GetLedRedDuty                                Library\src\led.o
LED__Init                                         Library\src\led.o
LED__Poll                                         Library\src\led.o
LED__RGB                                          Library\src\led.o
LPTIM1_IRQHandler                                 src\startup_stm32l053xx.o
LSI_measured_frequency                            Library\src\rtc.o
NMI_Handler                                       src\main.o
                                                  src\startup_stm32l053xx.o
PLLMulTable                                       src\system_stm32l0xx.o
PVD_IRQHandler                                    src\startup_stm32l053xx.o
PendSV_Handler                                    src\main.o
                                                  src\startup_stm32l053xx.o
RCC_CRS_IRQHandler                                src\startup_stm32l053xx.o
RNG_LPUART1_IRQHandler                            src\startup_stm32l053xx.o
RTC_IRQHandler                                    src\startup_stm32l053xx.o
RTC__Disable_Wakeup                               Library\src\rtc.o
RTC__Init                                         Library\src\rtc.o
RTC__Interrupt_Routine                            Library\src\rtc.o
RTC__Set_Alarm                                    Library\src\rtc.o
RTC__Set_Wakeup                                   Library\src\rtc.o
Reset_Handler                                     src\startup_stm32l053xx.o
SPI1_IRQHandler                                   src\startup_stm32l053xx.o
SPI2_IRQHandler                                   src\startup_stm32l053xx.o
STATEMACHINE__PollFunction                        Library\src\state_machine.o
SVC_Handler                                       src\main.o
                                                  src\startup_stm32l053xx.o
SysTick_Handler                                   src\main.o
                                                  src\startup_stm32l053xx.o
SystemClock_Config                                Library\src\system.o
                                                  src\main.o
SystemCoreClock                                   src\system_stm32l0xx.o
SystemCoreClockUpdate                             src\system_stm32l0xx.o
                                                  Library\src\system.o
SystemInit                                        src\system_stm32l0xx.o
                                                  src\startup_stm32l053xx.o
TIM21_IRQHandler                                  src\startup_stm32l053xx.o
TIM22_IRQHandler                                  src\startup_stm32l053xx.o
TIM2_IRQHandler                                   src\startup_stm32l053xx.o
TIM6_DAC_IRQHandler                               src\startup_stm32l053xx.o
TIMER__Delay10us                                  Library\src\timer.o
TIMER__DelayMs                                    Library\src\timer.o
TIMER__GetStatus                                  Library\src\timer.o
TIMER__InitClk                                    Library\src\timer.o
TIMER__InitInterruptTim4Isr                       Library\src\timer.o
TIMER__InitSystemTimer                            Library\src\timer.o
TIMER__Poll                                       Library\src\timer.o
TIMER__SetFlag                                    Library\src\timer.o
TSC_IRQHandler                                    src\startup_stm32l053xx.o
UART__CheckReceive                                Library\src\uart.o
UART__CheckSendData                               Library\src\uart.o
UART__Init                                        Library\src\uart.o
UART__Poll                                        Library\src\uart.o
UART__ReceivedDataGetFlag                         Library\src\uart.o
UART__RxInterrupt                                 Library\src\uart.o
UART__SendACK                                     Library\src\uart.o
UART__SendBUSY                                    Library\src\uart.o
UART__SendERROR                                   Library\src\uart.o
UART__SendIDLE                                    Library\src\uart.o
UART__SendIDReport                                Library\src\uart.o
UART__SendNACK                                    Library\src\uart.o
UART__Start                                       Library\src\uart.o
UART__Stop                                        Library\src\uart.o
UART__Tick                                        Library\src\uart.o
UART__TxBusyResetFlag                             Library\src\uart.o
UART__TxBusySetFlag                               Library\src\uart.o
UART__TxInterrupt                                 Library\src\uart.o
USART1_IRQHandler                                 src\startup_stm32l053xx.o
USART2_IRQHandler                                 src\startup_stm32l053xx.o
USB_IRQHandler                                    src\startup_stm32l053xx.o
WWDG_IRQHandler                                   src\startup_stm32l053xx.o
__aeabi_idiv                                      e:/programy/truestudio for arm 5.4.0/armtools/bin/../lib/gcc/arm-atollic-eabi/4.8.3/armv6-m\libgcc.a(_divsi3.o)
                                                  Library\src\adc.o
                                                  src\tiny_printf.o
__aeabi_idiv0                                     e:/programy/truestudio for arm 5.4.0/armtools/bin/../lib/gcc/arm-atollic-eabi/4.8.3/armv6-m\libgcc.a(_dvmd_tls.o)
                                                  e:/programy/truestudio for arm 5.4.0/armtools/bin/../lib/gcc/arm-atollic-eabi/4.8.3/armv6-m\libgcc.a(_divsi3.o)
                                                  e:/programy/truestudio for arm 5.4.0/armtools/bin/../lib/gcc/arm-atollic-eabi/4.8.3/armv6-m\libgcc.a(_udivsi3.o)
__aeabi_idivmod                                   e:/programy/truestudio for arm 5.4.0/armtools/bin/../lib/gcc/arm-atollic-eabi/4.8.3/armv6-m\libgcc.a(_divsi3.o)
__aeabi_ldiv0                                     e:/programy/truestudio for arm 5.4.0/armtools/bin/../lib/gcc/arm-atollic-eabi/4.8.3/armv6-m\libgcc.a(_dvmd_tls.o)
__aeabi_uidiv                                     e:/programy/truestudio for arm 5.4.0/armtools/bin/../lib/gcc/arm-atollic-eabi/4.8.3/armv6-m\libgcc.a(_udivsi3.o)
                                                  src\system_stm32l0xx.o
                                                  src\tiny_printf.o
__aeabi_uidivmod                                  e:/programy/truestudio for arm 5.4.0/armtools/bin/../lib/gcc/arm-atollic-eabi/4.8.3/armv6-m\libgcc.a(_udivsi3.o)
                                                  src\tiny_printf.o
__deregister_frame_info                           e:/programy/truestudio for arm 5.4.0/armtools/bin/../lib/gcc/arm-atollic-eabi/4.8.3/armv6-m/crtbegin.o
__divsi3                                          e:/programy/truestudio for arm 5.4.0/armtools/bin/../lib/gcc/arm-atollic-eabi/4.8.3/armv6-m\libgcc.a(_divsi3.o)
__dso_handle                                      e:/programy/truestudio for arm 5.4.0/armtools/bin/../lib/gcc/arm-atollic-eabi/4.8.3/armv6-m/crtbegin.o
__env                                             e:/programy/truestudio for arm 5.4.0/armtools/bin/../lib/gcc/arm-atollic-eabi/4.8.3/../../../../arm-atollic-eabi/lib/armv6-m\libc_s.a(lib_a-syscalls.o)
__init_array_end                                  e:/programy/truestudio for arm 5.4.0/armtools/bin/../lib/gcc/arm-atollic-eabi/4.8.3/../../../../arm-atollic-eabi/lib/armv6-m\libc_s.a(lib_a-init.o)
__init_array_start                                e:/programy/truestudio for arm 5.4.0/armtools/bin/../lib/gcc/arm-atollic-eabi/4.8.3/../../../../arm-atollic-eabi/lib/armv6-m\libc_s.a(lib_a-init.o)
__libc_init_array                                 e:/programy/truestudio for arm 5.4.0/armtools/bin/../lib/gcc/arm-atollic-eabi/4.8.3/../../../../arm-atollic-eabi/lib/armv6-m\libc_s.a(lib_a-init.o)
                                                  src\startup_stm32l053xx.o
__malloc_free_list                                e:/programy/truestudio for arm 5.4.0/armtools/bin/../lib/gcc/arm-atollic-eabi/4.8.3/../../../../arm-atollic-eabi/lib/armv6-m\libc_s.a(lib_a-nano-mallocr.o)
                                                  e:/programy/truestudio for arm 5.4.0/armtools/bin/../lib/gcc/arm-atollic-eabi/4.8.3/../../../../arm-atollic-eabi/lib/armv6-m\libc_s.a(lib_a-nano-freer.o)
__malloc_sbrk_start                               e:/programy/truestudio for arm 5.4.0/armtools/bin/../lib/gcc/arm-atollic-eabi/4.8.3/../../../../arm-atollic-eabi/lib/armv6-m\libc_s.a(lib_a-nano-mallocr.o)
__preinit_array_end                               e:/programy/truestudio for arm 5.4.0/armtools/bin/../lib/gcc/arm-atollic-eabi/4.8.3/../../../../arm-atollic-eabi/lib/armv6-m\libc_s.a(lib_a-init.o)
__preinit_array_start                             e:/programy/truestudio for arm 5.4.0/armtools/bin/../lib/gcc/arm-atollic-eabi/4.8.3/../../../../arm-atollic-eabi/lib/armv6-m\libc_s.a(lib_a-init.o)
__register_frame_info                             e:/programy/truestudio for arm 5.4.0/armtools/bin/../lib/gcc/arm-atollic-eabi/4.8.3/armv6-m/crtbegin.o
__sf_fake_stderr                                  e:/programy/truestudio for arm 5.4.0/armtools/bin/../lib/gcc/arm-atollic-eabi/4.8.3/../../../../arm-atollic-eabi/lib/armv6-m\libc_s.a(lib_a-impure.o)
__sf_fake_stdin                                   e:/programy/truestudio for arm 5.4.0/armtools/bin/../lib/gcc/arm-atollic-eabi/4.8.3/../../../../arm-atollic-eabi/lib/armv6-m\libc_s.a(lib_a-impure.o)
__sf_fake_stdout                                  e:/programy/truestudio for arm 5.4.0/armtools/bin/../lib/gcc/arm-atollic-eabi/4.8.3/../../../../arm-atollic-eabi/lib/armv6-m\libc_s.a(lib_a-impure.o)
__udivsi3                                         e:/programy/truestudio for arm 5.4.0/armtools/bin/../lib/gcc/arm-atollic-eabi/4.8.3/armv6-m\libgcc.a(_udivsi3.o)
_close                                            e:/programy/truestudio for arm 5.4.0/armtools/bin/../lib/gcc/arm-atollic-eabi/4.8.3/../../../../arm-atollic-eabi/lib/armv6-m\libc_s.a(lib_a-syscalls.o)
_ebss                                             src\startup_stm32l053xx.o
_edata                                            src\startup_stm32l053xx.o
_estack                                           src\startup_stm32l053xx.o
_execve                                           e:/programy/truestudio for arm 5.4.0/armtools/bin/../lib/gcc/arm-atollic-eabi/4.8.3/../../../../arm-atollic-eabi/lib/armv6-m\libc_s.a(lib_a-syscalls.o)
_exit                                             e:/programy/truestudio for arm 5.4.0/armtools/bin/../lib/gcc/arm-atollic-eabi/4.8.3/../../../../arm-atollic-eabi/lib/armv6-m\libc_s.a(lib_a-syscalls.o)
_fini                                             e:/programy/truestudio for arm 5.4.0/armtools/bin/../lib/gcc/arm-atollic-eabi/4.8.3/armv6-m/crti.o
_fork                                             e:/programy/truestudio for arm 5.4.0/armtools/bin/../lib/gcc/arm-atollic-eabi/4.8.3/../../../../arm-atollic-eabi/lib/armv6-m\libc_s.a(lib_a-syscalls.o)
_free_r                                           e:/programy/truestudio for arm 5.4.0/armtools/bin/../lib/gcc/arm-atollic-eabi/4.8.3/../../../../arm-atollic-eabi/lib/armv6-m\libc_s.a(lib_a-nano-freer.o)
                                                  e:/programy/truestudio for arm 5.4.0/armtools/bin/../lib/gcc/arm-atollic-eabi/4.8.3/../../../../arm-atollic-eabi/lib/armv6-m\libc_s.a(lib_a-reent.o)
_fstat                                            e:/programy/truestudio for arm 5.4.0/armtools/bin/../lib/gcc/arm-atollic-eabi/4.8.3/../../../../arm-atollic-eabi/lib/armv6-m\libc_s.a(lib_a-syscalls.o)
_getpid                                           e:/programy/truestudio for arm 5.4.0/armtools/bin/../lib/gcc/arm-atollic-eabi/4.8.3/../../../../arm-atollic-eabi/lib/armv6-m\libc_s.a(lib_a-syscalls.o)
_global_impure_ptr                                e:/programy/truestudio for arm 5.4.0/armtools/bin/../lib/gcc/arm-atollic-eabi/4.8.3/../../../../arm-atollic-eabi/lib/armv6-m\libc_s.a(lib_a-impure.o)
_impure_ptr                                       e:/programy/truestudio for arm 5.4.0/armtools/bin/../lib/gcc/arm-atollic-eabi/4.8.3/../../../../arm-atollic-eabi/lib/armv6-m\libc_s.a(lib_a-impure.o)
                                                  e:/programy/truestudio for arm 5.4.0/armtools/bin/../lib/gcc/arm-atollic-eabi/4.8.3/../../../../arm-atollic-eabi/lib/armv6-m\libc_s.a(lib_a-reent.o)
_init                                             e:/programy/truestudio for arm 5.4.0/armtools/bin/../lib/gcc/arm-atollic-eabi/4.8.3/armv6-m/crti.o
                                                  e:/programy/truestudio for arm 5.4.0/armtools/bin/../lib/gcc/arm-atollic-eabi/4.8.3/../../../../arm-atollic-eabi/lib/armv6-m\libc_s.a(lib_a-init.o)
_isatty                                           e:/programy/truestudio for arm 5.4.0/armtools/bin/../lib/gcc/arm-atollic-eabi/4.8.3/../../../../arm-atollic-eabi/lib/armv6-m\libc_s.a(lib_a-syscalls.o)
_kill                                             e:/programy/truestudio for arm 5.4.0/armtools/bin/../lib/gcc/arm-atollic-eabi/4.8.3/../../../../arm-atollic-eabi/lib/armv6-m\libc_s.a(lib_a-syscalls.o)
_link                                             e:/programy/truestudio for arm 5.4.0/armtools/bin/../lib/gcc/arm-atollic-eabi/4.8.3/../../../../arm-atollic-eabi/lib/armv6-m\libc_s.a(lib_a-syscalls.o)
_lseek                                            e:/programy/truestudio for arm 5.4.0/armtools/bin/../lib/gcc/arm-atollic-eabi/4.8.3/../../../../arm-atollic-eabi/lib/armv6-m\libc_s.a(lib_a-syscalls.o)
_malloc_r                                         e:/programy/truestudio for arm 5.4.0/armtools/bin/../lib/gcc/arm-atollic-eabi/4.8.3/../../../../arm-atollic-eabi/lib/armv6-m\libc_s.a(lib_a-nano-mallocr.o)
_open                                             e:/programy/truestudio for arm 5.4.0/armtools/bin/../lib/gcc/arm-atollic-eabi/4.8.3/../../../../arm-atollic-eabi/lib/armv6-m\libc_s.a(lib_a-syscalls.o)
_read                                             e:/programy/truestudio for arm 5.4.0/armtools/bin/../lib/gcc/arm-atollic-eabi/4.8.3/../../../../arm-atollic-eabi/lib/armv6-m\libc_s.a(lib_a-syscalls.o)
_reclaim_reent                                    e:/programy/truestudio for arm 5.4.0/armtools/bin/../lib/gcc/arm-atollic-eabi/4.8.3/../../../../arm-atollic-eabi/lib/armv6-m\libc_s.a(lib_a-reent.o)
_sbrk                                             e:/programy/truestudio for arm 5.4.0/armtools/bin/../lib/gcc/arm-atollic-eabi/4.8.3/../../../../arm-atollic-eabi/lib/armv6-m\libc_s.a(lib_a-syscalls.o)
                                                  e:/programy/truestudio for arm 5.4.0/armtools/bin/../lib/gcc/arm-atollic-eabi/4.8.3/../../../../arm-atollic-eabi/lib/armv6-m\libc_s.a(lib_a-sbrkr.o)
_sbrk_r                                           e:/programy/truestudio for arm 5.4.0/armtools/bin/../lib/gcc/arm-atollic-eabi/4.8.3/../../../../arm-atollic-eabi/lib/armv6-m\libc_s.a(lib_a-sbrkr.o)
                                                  e:/programy/truestudio for arm 5.4.0/armtools/bin/../lib/gcc/arm-atollic-eabi/4.8.3/../../../../arm-atollic-eabi/lib/armv6-m\libc_s.a(lib_a-nano-mallocr.o)
_sbss                                             src\startup_stm32l053xx.o
_sdata                                            src\startup_stm32l053xx.o
_sidata                                           src\startup_stm32l053xx.o
_stat                                             e:/programy/truestudio for arm 5.4.0/armtools/bin/../lib/gcc/arm-atollic-eabi/4.8.3/../../../../arm-atollic-eabi/lib/armv6-m\libc_s.a(lib_a-syscalls.o)
_times                                            e:/programy/truestudio for arm 5.4.0/armtools/bin/../lib/gcc/arm-atollic-eabi/4.8.3/../../../../arm-atollic-eabi/lib/armv6-m\libc_s.a(lib_a-syscalls.o)
_unlink                                           e:/programy/truestudio for arm 5.4.0/armtools/bin/../lib/gcc/arm-atollic-eabi/4.8.3/../../../../arm-atollic-eabi/lib/armv6-m\libc_s.a(lib_a-syscalls.o)
_wait                                             e:/programy/truestudio for arm 5.4.0/armtools/bin/../lib/gcc/arm-atollic-eabi/4.8.3/../../../../arm-atollic-eabi/lib/armv6-m\libc_s.a(lib_a-syscalls.o)
_write                                            e:/programy/truestudio for arm 5.4.0/armtools/bin/../lib/gcc/arm-atollic-eabi/4.8.3/../../../../arm-atollic-eabi/lib/armv6-m\libc_s.a(lib_a-syscalls.o)
                                                  src\tiny_printf.o
cleanup_glue                                      e:/programy/truestudio for arm 5.4.0/armtools/bin/../lib/gcc/arm-atollic-eabi/4.8.3/../../../../arm-atollic-eabi/lib/armv6-m\libc_s.a(lib_a-reent.o)
counter                                           src\main.o
currentSTATE                                      Library\src\state_machine.o
ee_EraseEEPROM                                    Library\src\ee.o
ee_VerifyEEPROM                                   Library\src\ee.o
end                                               e:/programy/truestudio for arm 5.4.0/armtools/bin/../lib/gcc/arm-atollic-eabi/4.8.3/../../../../arm-atollic-eabi/lib/armv6-m\libc_s.a(lib_a-syscalls.o)
environ                                           e:/programy/truestudio for arm 5.4.0/armtools/bin/../lib/gcc/arm-atollic-eabi/4.8.3/../../../../arm-atollic-eabi/lib/armv6-m\libc_s.a(lib_a-syscalls.o)
errno                                             e:/programy/truestudio for arm 5.4.0/armtools/bin/../lib/gcc/arm-atollic-eabi/4.8.3/../../../../arm-atollic-eabi/lib/armv6-m\libc_s.a(lib_a-sbrkr.o)
                                                  e:/programy/truestudio for arm 5.4.0/armtools/bin/../lib/gcc/arm-atollic-eabi/4.8.3/../../../../arm-atollic-eabi/lib/armv6-m\libc_s.a(lib_a-reent.o)
                                                  e:/programy/truestudio for arm 5.4.0/armtools/bin/../lib/gcc/arm-atollic-eabi/4.8.3/../../../../arm-atollic-eabi/lib/armv6-m\libc_s.a(lib_a-syscalls.o)
fiprintf                                          src\tiny_printf.o
flag_1ms                                          src\main.o
fprintf                                           src\tiny_printf.o
fputs                                             src\tiny_printf.o
fwrite                                            src\tiny_printf.o
g_pfnVectors                                      src\startup_stm32l053xx.o
initialise_monitor_handles                        e:/programy/truestudio for arm 5.4.0/armtools/bin/../lib/gcc/arm-atollic-eabi/4.8.3/../../../../arm-atollic-eabi/lib/armv6-m\libc_s.a(lib_a-syscalls.o)
iprintf                                           src\tiny_printf.o
led__data_s                                       Library\src\led.o
main                                              src\main.o
                                                  src\startup_stm32l053xx.o
printf                                            src\tiny_printf.o
puts                                              src\tiny_printf.o
siprintf                                          src\tiny_printf.o
sprintf                                           src\tiny_printf.o
strlen                                            e:/programy/truestudio for arm 5.4.0/armtools/bin/../lib/gcc/arm-atollic-eabi/4.8.3/../../../../arm-atollic-eabi/lib/armv6-m\libc_s.a(lib_a-strlen.o)
                                                  src\tiny_printf.o
temperature_C                                     Library\src\adc.o
                                                  src\main.o
ts_formatlength                                   src\tiny_printf.o
ts_formatstring                                   src\tiny_printf.o
ts_itoa                                           src\tiny_printf.o
uart(long double, long long, int13_t)             Library\src\uart.o
uart__retransmisionTime                           Library\src\uart.o
uart__rxBuffer_t                                  Library\src\uart.o
uart__rxCnt                                       Library\src\uart.o
uart__rxLen                                       Library\src\uart.o
uart__rxTimeout                                   Library\src\uart.o
uart__rxValue                                     Library\src\uart.o
uart__txBuffer_t                                  Library\src\uart.o
uart__txDataCnt                                   Library\src\uart.o
uart__txDataToSend                                Library\src\uart.o
